Component: ARM Compiler 5.06 update 6 (build 750) Tool: armlink [4d35ed]

==============================================================================

Section Cross References

    startup_stm32f411xe.o(STACK) refers (Special) to heapauxi.o(.text) for __use_two_region_memory
    startup_stm32f411xe.o(HEAP) refers (Special) to heapauxi.o(.text) for __use_two_region_memory
    startup_stm32f411xe.o(RESET) refers (Special) to heapauxi.o(.text) for __use_two_region_memory
    startup_stm32f411xe.o(RESET) refers to startup_stm32f411xe.o(STACK) for __initial_sp
    startup_stm32f411xe.o(RESET) refers to startup_stm32f411xe.o(.text) for Reset_Handler
    startup_stm32f411xe.o(RESET) refers to stm32f4xx_it.o(i.NMI_Handler) for NMI_Handler
    startup_stm32f411xe.o(RESET) refers to stm32f4xx_it.o(i.HardFault_Handler) for HardFault_Handler
    startup_stm32f411xe.o(RESET) refers to stm32f4xx_it.o(i.MemManage_Handler) for MemManage_Handler
    startup_stm32f411xe.o(RESET) refers to stm32f4xx_it.o(i.BusFault_Handler) for BusFault_Handler
    startup_stm32f411xe.o(RESET) refers to stm32f4xx_it.o(i.UsageFault_Handler) for UsageFault_Handler
    startup_stm32f411xe.o(RESET) refers to stm32f4xx_it.o(i.SVC_Handler) for SVC_Handler
    startup_stm32f411xe.o(RESET) refers to stm32f4xx_it.o(i.DebugMon_Handler) for DebugMon_Handler
    startup_stm32f411xe.o(RESET) refers to stm32f4xx_it.o(i.PendSV_Handler) for PendSV_Handler
    startup_stm32f411xe.o(RESET) refers to stm32f4xx_it.o(i.SysTick_Handler) for SysTick_Handler
    startup_stm32f411xe.o(RESET) refers to dc_driver.o(i.EXTI4_IRQHandler) for EXTI4_IRQHandler
    startup_stm32f411xe.o(RESET) refers to dc_driver.o(i.EXTI9_5_IRQHandler) for EXTI9_5_IRQHandler
    startup_stm32f411xe.o(RESET) refers to stm32f4xx_it.o(i.TIM2_IRQHandler) for TIM2_IRQHandler
    startup_stm32f411xe.o(RESET) refers to stm32f4xx_it.o(i.TIM4_IRQHandler) for TIM4_IRQHandler
    startup_stm32f411xe.o(RESET) refers to stm32f4xx_it.o(i.USART6_IRQHandler) for USART6_IRQHandler
    startup_stm32f411xe.o(.text) refers (Special) to heapauxi.o(.text) for __use_two_region_memory
    startup_stm32f411xe.o(.text) refers to system_stm32f4xx.o(i.SystemInit) for SystemInit
    startup_stm32f411xe.o(.text) refers to __main.o(!!!main) for __main
    startup_stm32f411xe.o(.text) refers to startup_stm32f411xe.o(HEAP) for Heap_Mem
    startup_stm32f411xe.o(.text) refers to startup_stm32f411xe.o(STACK) for Stack_Mem
    main.o(i.HAL_TIM_PeriodElapsedCallback) refers to _printf_percent.o(.ARM.Collect$$_printf_percent$$00000000) for _printf_percent
    main.o(i.HAL_TIM_PeriodElapsedCallback) refers to _printf_f.o(.ARM.Collect$$_printf_percent$$00000003) for _printf_f
    main.o(i.HAL_TIM_PeriodElapsedCallback) refers to printf1.o(x$fpl$printf1) for _printf_fp_dec
    main.o(i.HAL_TIM_PeriodElapsedCallback) refers to dc_driver.o(i.caculate_position) for caculate_position
    main.o(i.HAL_TIM_PeriodElapsedCallback) refers to dc_driver.o(i.control_motor_follow_vel_and_pos) for control_motor_follow_vel_and_pos
    main.o(i.HAL_TIM_PeriodElapsedCallback) refers to f2d.o(x$fpl$f2d) for __aeabi_f2d
    main.o(i.HAL_TIM_PeriodElapsedCallback) refers to noretval__2printf.o(.text) for __2printf
    main.o(i.HAL_TIM_PeriodElapsedCallback) refers to main.o(.bss) for .bss
    main.o(i.HAL_TIM_PeriodElapsedCallback) refers to main.o(.data) for .data
    main.o(i.MX_ADC1_Init) refers to stm32f4xx_hal_adc.o(i.HAL_ADC_Init) for HAL_ADC_Init
    main.o(i.MX_ADC1_Init) refers to stm32f4xx_hal_adc.o(i.HAL_ADC_ConfigChannel) for HAL_ADC_ConfigChannel
    main.o(i.MX_ADC1_Init) refers to main.o(.bss) for .bss
    main.o(i.MX_GPIO_Init) refers to rt_memclr_w.o(.text) for __aeabi_memclr4
    main.o(i.MX_GPIO_Init) refers to stm32f4xx_hal_gpio.o(i.HAL_GPIO_WritePin) for HAL_GPIO_WritePin
    main.o(i.MX_GPIO_Init) refers to stm32f4xx_hal_gpio.o(i.HAL_GPIO_Init) for HAL_GPIO_Init
    main.o(i.MX_GPIO_Init) refers to stm32f4xx_hal_cortex.o(i.HAL_NVIC_SetPriority) for HAL_NVIC_SetPriority
    main.o(i.MX_GPIO_Init) refers to stm32f4xx_hal_cortex.o(i.HAL_NVIC_EnableIRQ) for HAL_NVIC_EnableIRQ
    main.o(i.MX_TIM2_Init) refers to stm32f4xx_hal_tim.o(i.HAL_TIM_Base_Init) for HAL_TIM_Base_Init
    main.o(i.MX_TIM2_Init) refers to stm32f4xx_hal_tim.o(i.HAL_TIM_ConfigClockSource) for HAL_TIM_ConfigClockSource
    main.o(i.MX_TIM2_Init) refers to stm32f4xx_hal_tim_ex.o(i.HAL_TIMEx_MasterConfigSynchronization) for HAL_TIMEx_MasterConfigSynchronization
    main.o(i.MX_TIM2_Init) refers to main.o(.bss) for .bss
    main.o(i.MX_TIM3_Init) refers to rt_memclr_w.o(.text) for __aeabi_memclr4
    main.o(i.MX_TIM3_Init) refers to stm32f4xx_hal_tim.o(i.HAL_TIM_PWM_Init) for HAL_TIM_PWM_Init
    main.o(i.MX_TIM3_Init) refers to stm32f4xx_hal_tim_ex.o(i.HAL_TIMEx_MasterConfigSynchronization) for HAL_TIMEx_MasterConfigSynchronization
[...]
    ..\Drivers\STM32F4xx_HAL_Driver\Src\stm32f4xx_hal_tim.c 0x00000000   Number         0  stm32f4xx_hal_tim.o ABSOLUTE
    ..\Drivers\STM32F4xx_HAL_Driver\Src\stm32f4xx_hal_tim_ex.c 0x00000000   Number         0  stm32f4xx_hal_tim_ex.o ABSOLUTE
    ..\Drivers\STM32F4xx_HAL_Driver\Src\stm32f4xx_hal_uart.c 0x00000000   Number         0  stm32f4xx_hal_uart.o ABSOLUTE
    ..\\DC_Driver\\DC_Driver.c               0x00000000   Number         0  dc_driver.o ABSOLUTE
    dc.s                                     0x00000000   Number         0  dc.o ABSOLUTE
    startup_stm32f411xe.s                    0x00000000   Number         0  startup_stm32f411xe.o ABSOLUTE
    RESET                                    0x08000000   Section      408  startup_stm32f411xe.o(RESET)
    !!!main                                  0x08000198   Section        8  __main.o(!!!main)
    !!!scatter                               0x080001a0   Section       52  __scatter.o(!!!scatter)
    !!handler_copy                           0x080001d4   Section       26  __scatter_copy.o(!!handler_copy)
    !!handler_zi                             0x080001f0   Section       28  __scatter_zi.o(!!handler_zi)
    .ARM.Collect$$_printf_percent$$00000000  0x0800020c   Section        0  _printf_percent.o(.ARM.Collect$$_printf_percent$$00000000)
    .ARM.Collect$$_printf_percent$$00000003  0x0800020c   Section        6  _printf_f.o(.ARM.Collect$$_printf_percent$$00000003)
    .ARM.Collect$$_printf_percent$$00000017  0x08000212   Section        4  _printf_percent_end.o(.ARM.Collect$$_printf_percent$$00000017)
    .ARM.Collect$$libinit$$00000000          0x08000216   Section        2  libinit.o(.ARM.Collect$$libinit$$00000000)
    .ARM.Collect$$libinit$$00000001          0x08000218   Section        4  libinit2.o(.ARM.Collect$$libinit$$00000001)
    .ARM.Collect$$libinit$$00000004          0x0800021c   Section        0  libinit2.o(.ARM.Collect$$libinit$$00000004)
    .ARM.Collect$$libinit$$0000000A          0x0800021c   Section        0  libinit2.o(.ARM.Collect$$libinit$$0000000A)
    .ARM.Collect$$libinit$$0000000C          0x0800021c   Section        0  libinit2.o(.ARM.Collect$$libinit$$0000000C)
    .ARM.Collect$$libinit$$0000000E          0x0800021c   Section        0  libinit2.o(.ARM.Collect$$libinit$$0000000E)
    .ARM.Collect$$libinit$$0000000F          0x0800021c   Section        6  libinit2.o(.ARM.Collect$$libinit$$0000000F)
    .ARM.Collect$$libinit$$00000011          0x08000222   Section        0  libinit2.o(.ARM.Collect$$libinit$$00000011)
    .ARM.Collect$$libinit$$00000013          0x08000222   Section        0  libinit2.o(.ARM.Collect$$libinit$$00000013)
    .ARM.Collect$$libinit$$00000015          0x08000222   Section        0  libinit2.o(.ARM.Collect$$libinit$$00000015)
    .ARM.Collect$$libinit$$00000016          0x08000222   Section       10  libinit2.o(.ARM.Collect$$libinit$$00000016)
    .ARM.Collect$$libinit$$00000017          0x0800022c   Section        0  libinit2.o(.ARM.Collect$$libinit$$00000017)
    .ARM.Collect$$libinit$$00000019          0x0800022c   Section        0  libinit2.o(.ARM.Collect$$libinit$$00000019)
    .ARM.Collect$$libinit$$0000001B          0x0800022c   Section        0  libinit2.o(.ARM.Collect$$libinit$$0000001B)
    .ARM.Collect$$libinit$$0000001D          0x0800022c   Section        0  libinit2.o(.ARM.Collect$$libinit$$0000001D)
    .ARM.Collect$$libinit$$0000001F          0x0800022c   Section        0  libinit2.o(.ARM.Collect$$libinit$$0000001F)
    .ARM.Collect$$libinit$$00000021          0x0800022c   Section        0  libinit2.o(.ARM.Collect$$libinit$$00000021)
    .ARM.Collect$$libinit$$00000023          0x0800022c   Section        0  libinit2.o(.ARM.Collect$$libinit$$00000023)
    .ARM.Collect$$libinit$$00000025          0x0800022c   Section        0  libinit2.o(.ARM.Collect$$libinit$$00000025)
    .ARM.Collect$$libinit$$0000002C          0x0800022c   Section        0  libinit2.o(.ARM.Collect$$libinit$$0000002C)
    .ARM.Collect$$libinit$$0000002E          0x0800022c   Section        0  libinit2.o(.ARM.Collect$$libinit$$0000002E)
    .ARM.Collect$$libinit$$00000030          0x0800022c   Section        0  libinit2.o(.ARM.Collect$$libinit$$00000030)
    .ARM.Collect$$libinit$$00000032          0x0800022c   Section        0  libinit2.o(.ARM.Collect$$libinit$$00000032)
    .ARM.Collect$$libinit$$00000033          0x0800022c   Section        2  libinit2.o(.ARM.Collect$$libinit$$00000033)
    .ARM.Collect$$libshutdown$$00000000      0x0800022e   Section        2  libshutdown.o(.ARM.Collect$$libshutdown$$00000000)
    .ARM.Collect$$libshutdown$$00000002      0x08000230   Section        0  libshutdown2.o(.ARM.Collect$$libshutdown$$00000002)
    .ARM.Collect$$libshutdown$$00000004      0x08000230   Section        0  libshutdown2.o(.ARM.Collect$$libshutdown$$00000004)
    .ARM.Collect$$libshutdown$$00000007      0x08000230   Section        0  libshutdown2.o(.ARM.Collect$$libshutdown$$00000007)
    .ARM.Collect$$libshutdown$$0000000A      0x08000230   Section        0  libshutdown2.o(.ARM.Collect$$libshutdown$$0000000A)
    .ARM.Collect$$libshutdown$$0000000C      0x08000230   Section        0  libshutdown2.o(.ARM.Collect$$libshutdown$$0000000C)
    .ARM.Collect$$libshutdown$$0000000F      0x08000230   Section        0  libshutdown2.o(.ARM.Collect$$libshutdown$$0000000F)
    .ARM.Collect$$libshutdown$$00000010      0x08000230   Section        2  libshutdown2.o(.ARM.Collect$$libshutdown$$00000010)
    .ARM.Collect$$rtentry$$00000000          0x08000232   Section        0  __rtentry.o(.ARM.Collect$$rtentry$$00000000)
    .ARM.Collect$$rtentry$$00000002          0x08000232   Section        0  __rtentry2.o(.ARM.Collect$$rtentry$$00000002)
    .ARM.Collect$$rtentry$$00000004          0x08000232   Section        6  __rtentry4.o(.ARM.Collect$$rtentry$$00000004)
    .ARM.Collect$$rtentry$$00000009          0x08000238   Section        0  __rtentry2.o(.ARM.Collect$$rtentry$$00000009)
    .ARM.Collect$$rtentry$$0000000A          0x08000238   Section        4  __rtentry2.o(.ARM.Collect$$rtentry$$0000000A)
    .ARM.Collect$$rtentry$$0000000C          0x0800023c   Section        0  __rtentry2.o(.ARM.Collect$$rtentry$$0000000C)
    .ARM.Collect$$rtentry$$0000000D          0x0800023c   Section        8  __rtentry2.o(.ARM.Collect$$rtentry$$0000000D)
    .ARM.Collect$$rtexit$$00000000           0x08000244   Section        2  rtexit.o(.ARM.Collect$$rtexit$$00000000)
    .ARM.Collect$$rtexit$$00000002           0x08000246   Section        0  rtexit2.o(.ARM.Collect$$rtexit$$00000002)
    .ARM.Collect$$rtexit$$00000003           0x08000246   Section        4  rtexit2.o(.ARM.Collect$$rtexit$$00000003)
    .ARM.Collect$$rtexit$$00000004           0x0800024a   Section        6  rtexit2.o(.ARM.Collect$$rtexit$$00000004)
    .text                                    0x08000250   Section       64  startup_stm32f411xe.o(.text)
    $v0                                      0x08000250   Number         0  startup_stm32f411xe.o(.text)
    .text                                    0x08000290   Section      238  lludivv7m.o(.text)
    .text                                    0x08000380   Section        0  noretval__2printf.o(.text)
    .text                                    0x08000398   Section        0  __printf_flags_wp.o(.text)
    .text                                    0x080004d0   Section       78  rt_memclr_w.o(.text)
    .text                                    0x0800051e   Section        0  heapauxi.o(.text)
    .text                                    0x08000524   Section        0  _printf_fp_dec.o(.text)
    _fp_digits                               0x08000527   Thumb Code   432  _printf_fp_dec.o(.text)
    .text                                    0x08000944   Section        0  _printf_char_file.o(.text)
    .text                                    0x08000968   Section        8  rt_locale_intlibspace.o(.text)
    .text                                    0x08000970   Section      138  lludiv10.o(.text)
    .text                                    0x080009fc   Section        0  _printf_char_common.o(.text)
    _printf_input_char                       0x080009fd   Thumb Code    10  _printf_char_common.o(.text)
    .text                                    0x08000a2c   Section        0  _printf_fp_infnan.o(.text)
    .text                                    0x08000aac   Section        0  bigflt0.o(.text)
    .text                                    0x08000b90   Section        0  ferror.o(.text)
    .text                                    0x08000b98   Section        8  libspace.o(.text)
    .text                                    0x08000ba0   Section       74  sys_stackheap_outer.o(.text)
    .text                                    0x08000bea   Section        0  exit.o(.text)
    .text                                    0x08000bfc   Section      128  strcmpv7m.o(.text)
    .text                                    0x08000c7c   Section        0  sys_exit.o(.text)
    .text                                    0x08000c88   Section        2  use_no_semi.o(.text)
    .text                                    0x08000c8a   Section        0  indicate_semi.o(.text)
    CL$$btod_d2e                             0x08000c8a   Section       62  btod.o(CL$$btod_d2e)
    CL$$btod_d2e_denorm_low                  0x08000cc8   Section       70  btod.o(CL$$btod_d2e_denorm_low)
    CL$$btod_d2e_norm_op1                    0x08000d0e   Section       96  btod.o(CL$$btod_d2e_norm_op1)
    CL$$btod_div_common                      0x08000d6e   Section      824  btod.o(CL$$btod_div_common)
    CL$$btod_e2e                             0x080010a6   Section      220  btod.o(CL$$btod_e2e)
    CL$$btod_ediv                            0x08001182   Section       42  btod.o(CL$$btod_ediv)
    CL$$btod_emul                            0x080011ac   Section       42  btod.o(CL$$btod_emul)
    CL$$btod_mult_common                     0x080011d6   Section      580  btod.o(CL$$btod_mult_common)
    i.ADC_Init                               0x0800141c   Section        0  stm32f4xx_hal_adc.o(i.ADC_Init)
    ADC_Init                                 0x0800141d   Thumb Code   284  stm32f4xx_hal_adc.o(i.ADC_Init)
    i.BusFault_Handler                       0x08001544   Section        0  stm32f4xx_it.o(i.BusFault_Handler)
    i.DebugMon_Handler                       0x08001546   Section        0  stm32f4xx_it.o(i.DebugMon_Handler)
    i.EXTI4_IRQHandler                       0x08001548   Section        0  dc_driver.o(i.EXTI4_IRQHandler)
    i.EXTI9_5_IRQHandler                     0x080015e4   Section        0  dc_driver.o(i.EXTI9_5_IRQHandler)
    i.HAL_ADC_ConfigChannel                  0x08001680   Section        0  stm32f4xx_hal_adc.o(i.HAL_ADC_ConfigChannel)
    i.HAL_ADC_GetValue                       0x080017e4   Section        0  stm32f4xx_hal_adc.o(i.HAL_ADC_GetValue)
    i.HAL_ADC_Init                           0x080017ea   Section        0  stm32f4xx_hal_adc.o(i.HAL_ADC_Init)
    i.HAL_ADC_MspInit                        0x08001840   Section        0  stm32f4xx_hal_msp.o(i.HAL_ADC_MspInit)
    i.HAL_ADC_PollForConversion              0x080018a0   Section        0  stm32f4xx_hal_adc.o(i.HAL_ADC_PollForConversion)
    i.HAL_ADC_Start                          0x0800194c   Section        0  stm32f4xx_hal_adc.o(i.HAL_ADC_Start)
    i.HAL_ADC_Stop                           0x08001a18   Section        0  stm32f4xx_hal_adc.o(i.HAL_ADC_Stop)
    i.HAL_DMA_Abort                          0x08001a54   Section        0  stm32f4xx_hal_dma.o(i.HAL_DMA_Abort)
    i.HAL_DMA_Abort_IT                       0x08001ae6   Section        0  stm32f4xx_hal_dma.o(i.HAL_DMA_Abort_IT)
    i.HAL_GPIO_EXTI_Callback                 0x08001b0a   Section        0  stm32f4xx_hal_gpio.o(i.HAL_GPIO_EXTI_Callback)
    i.HAL_GPIO_EXTI_IRQHandler               0x08001b0c   Section        0  stm32f4xx_hal_gpio.o(i.HAL_GPIO_EXTI_IRQHandler)
    i.HAL_GPIO_Init                          0x08001b24   Section        0  stm32f4xx_hal_gpio.o(i.HAL_GPIO_Init)
    i.HAL_GPIO_ReadPin                       0x08001d04   Section        0  stm32f4xx_hal_gpio.o(i.HAL_GPIO_ReadPin)
    i.HAL_GPIO_WritePin                      0x08001d0e   Section        0  stm32f4xx_hal_gpio.o(i.HAL_GPIO_WritePin)
    i.HAL_GetTick                            0x08001d18   Section        0  stm32f4xx_hal.o(i.HAL_GetTick)
    i.HAL_IncTick                            0x08001d24   Section        0  stm32f4xx_hal.o(i.HAL_IncTick)
    i.HAL_Init                               0x08001d34   Section        0  stm32f4xx_hal.o(i.HAL_Init)
    i.HAL_InitTick                           0x08001d68   Section        0  stm32f4xx_hal.o(i.HAL_InitTick)
    i.HAL_MspInit                            0x08001da8   Section        0  stm32f4xx_hal_msp.o(i.HAL_MspInit)
    i.HAL_NVIC_EnableIRQ                     0x08001dd8   Section        0  stm32f4xx_hal_cortex.o(i.HAL_NVIC_EnableIRQ)
    i.HAL_NVIC_SetPriority                   0x08001df4   Section        0  stm32f4xx_hal_cortex.o(i.HAL_NVIC_SetPriority)
    i.HAL_NVIC_SetPriorityGrouping           0x08001e34   Section        0  stm32f4xx_hal_cortex.o(i.HAL_NVIC_SetPriorityGrouping)
    i.HAL_RCC_ClockConfig                    0x08001e58   Section        0  stm32f4xx_hal_rcc.o(i.HAL_RCC_ClockConfig)
    i.HAL_RCC_GetPCLK1Freq                   0x08001f8c   Section        0  stm32f4xx_hal_rcc.o(i.HAL_RCC_GetPCLK1Freq)
    i.HAL_RCC_GetPCLK2Freq                   0x08001fac   Section        0  stm32f4xx_hal_rcc.o(i.HAL_RCC_GetPCLK2Freq)
    i.HAL_RCC_GetSysClockFreq                0x08001fcc   Section        0  stm32f4xx_hal_rcc.o(i.HAL_RCC_GetSysClockFreq)
    i.HAL_RCC_OscConfig                      0x08002030   Section        0  stm32f4xx_hal_rcc.o(i.HAL_RCC_OscConfig)
    i.HAL_SYSTICK_Config                     0x0800239c   Section        0  stm32f4xx_hal_cortex.o(i.HAL_SYSTICK_Config)
    i.HAL_TIMEx_BreakCallback                0x080023c4   Section        0  stm32f4xx_hal_tim_ex.o(i.HAL_TIMEx_BreakCallback)
    i.HAL_TIMEx_CommutCallback               0x080023c6   Section        0  stm32f4xx_hal_tim_ex.o(i.HAL_TIMEx_CommutCallback)
    i.HAL_TIMEx_MasterConfigSynchronization  0x080023c8   Section        0  stm32f4xx_hal_tim_ex.o(i.HAL_TIMEx_MasterConfigSynchronization)
    i.HAL_TIM_Base_Init                      0x08002444   Section        0  stm32f4xx_hal_tim.o(i.HAL_TIM_Base_Init)
    i.HAL_TIM_Base_MspInit                   0x080024a0   Section        0  stm32f4xx_hal_msp.o(i.HAL_TIM_Base_MspInit)
    i.HAL_TIM_Base_Start_IT                  0x08002500   Section        0  stm32f4xx_hal_tim.o(i.HAL_TIM_Base_Start_IT)
    i.HAL_TIM_ConfigClockSource              0x0800256c   Section        0  stm32f4xx_hal_tim.o(i.HAL_TIM_ConfigClockSource)
    i.HAL_TIM_IC_CaptureCallback             0x08002648   Section        0  stm32f4xx_hal_tim.o(i.HAL_TIM_IC_CaptureCallback)
    i.HAL_TIM_IRQHandler                     0x0800264a   Section        0  stm32f4xx_hal_tim.o(i.HAL_TIM_IRQHandler)
    i.HAL_TIM_MspPostInit                    0x080027b0   Section        0  stm32f4xx_hal_msp.o(i.HAL_TIM_MspPostInit)
    i.HAL_TIM_OC_DelayElapsedCallback        0x08002800   Section        0  stm32f4xx_hal_tim.o(i.HAL_TIM_OC_DelayElapsedCallback)
    i.HAL_TIM_PWM_ConfigChannel              0x08002802   Section        0  stm32f4xx_hal_tim.o(i.HAL_TIM_PWM_ConfigChannel)
    i.HAL_TIM_PWM_Init                       0x080028ce   Section        0  stm32f4xx_hal_tim.o(i.HAL_TIM_PWM_Init)
    i.HAL_TIM_PWM_MspInit                    0x08002928   Section        0  stm32f4xx_hal_msp.o(i.HAL_TIM_PWM_MspInit)
    i.HAL_TIM_PWM_PulseFinishedCallback      0x08002950   Section        0  stm32f4xx_hal_tim.o(i.HAL_TIM_PWM_PulseFinishedCallback)
    i.HAL_TIM_PWM_Start                      0x08002954   Section        0  stm32f4xx_hal_tim.o(i.HAL_TIM_PWM_Start)
    i.HAL_TIM_PeriodElapsedCallback          0x08002a04   Section        0  main.o(i.HAL_TIM_PeriodElapsedCallback)
    i.HAL_TIM_TriggerCallback                0x08002a80   Section        0  stm32f4xx_hal_tim.o(i.HAL_TIM_TriggerCallback)
    i.HAL_UARTEx_RxEventCallback             0x08002a82   Section        0  stm32f4xx_hal_uart.o(i.HAL_UARTEx_RxEventCallback)
    i.HAL_UART_ErrorCallback                 0x08002a84   Section        0  stm32f4xx_hal_uart.o(i.HAL_UART_ErrorCallback)
    i.HAL_UART_IRQHandler                    0x08002a88   Section        0  stm32f4xx_hal_uart.o(i.HAL_UART_IRQHandler)
    i.HAL_UART_Init                          0x08002cf0   Section        0  stm32f4xx_hal_uart.o(i.HAL_UART_Init)
    i.HAL_UART_MspInit                       0x08002d54   Section        0  stm32f4xx_hal_msp.o(i.HAL_UART_MspInit)
    i.HAL_UART_RxCpltCallback                0x08002e10   Section        0  stm32f4xx_hal_uart.o(i.HAL_UART_RxCpltCallback)
    i.HAL_UART_Transmit                      0x08002e14   Section        0  stm32f4xx_hal_uart.o(i.HAL_UART_Transmit)
    i.HAL_UART_TxCpltCallback                0x08002ec6   Section        0  stm32f4xx_hal_uart.o(i.HAL_UART_TxCpltCallback)
    i.HardFault_Handler                      0x08002ec8   Section        0  stm32f4xx_it.o(i.HardFault_Handler)
    i.MX_ADC1_Init                           0x08002ecc   Section        0  main.o(i.MX_ADC1_Init)
    MX_ADC1_Init                             0x08002ecd   Thumb Code    82  main.o(i.MX_ADC1_Init)
    i.MX_GPIO_Init                           0x08002f2c   Section        0  main.o(i.MX_GPIO_Init)
    MX_GPIO_Init                             0x08002f2d   Thumb Code   168  main.o(i.MX_GPIO_Init)
    i.MX_TIM2_Init                           0x08002fe0   Section        0  main.o(i.MX_TIM2_Init)
    MX_TIM2_Init                             0x08002fe1   Thumb Code    96  main.o(i.MX_TIM2_Init)
    i.MX_TIM3_Init                           0x08003044   Section        0  main.o(i.MX_TIM3_Init)
    MX_TIM3_Init                             0x08003045   Thumb Code   102  main.o(i.MX_TIM3_Init)
    i.MX_TIM4_Init                           0x080030b4   Section        0  main.o(i.MX_TIM4_Init)
    MX_TIM4_Init                             0x080030b5   Thumb Code    96  main.o(i.MX_TIM4_Init)
    i.MemManage_Handler                      0x0800311c   Section        0  stm32f4xx_it.o(i.MemManage_Handler)
    i.NMI_Handler                            0x0800311e   Section        0  stm32f4xx_it.o(i.NMI_Handler)
    i.PendSV_Handler                         0x08003120   Section        0  stm32f4xx_it.o(i.PendSV_Handler)
    i.SVC_Handler                            0x08003122   Section        0  stm32f4xx_it.o(i.SVC_Handler)
    i.SysTick_Handler                        0x08003124   Section        0  stm32f4xx_it.o(i.SysTick_Handler)
    i.SystemClock_Config                     0x08003128   Section        0  main.o(i.SystemClock_Config)
    i.SystemInit                             0x080031bc   Section        0  system_stm32f4xx.o(i.SystemInit)
    i.TIM2_IRQHandler                        0x080031cc   Section        0  stm32f4xx_it.o(i.TIM2_IRQHandler)
    i.TIM4_IRQHandler                        0x080031d8   Section        0  stm32f4xx_it.o(i.TIM4_IRQHandler)
    i.TIM_Base_SetConfig                     0x080031e4   Section        0  stm32f4xx_hal_tim.o(i.TIM_Base_SetConfig)
    i.TIM_CCxChannelCmd                      0x0800327c   Section        0  stm32f4xx_hal_tim.o(i.TIM_CCxChannelCmd)
    i.TIM_ETR_SetConfig                      0x08003296   Section        0  stm32f4xx_hal_tim.o(i.TIM_ETR_SetConfig)
    i.TIM_ITRx_SetConfig                     0x080032aa   Section        0  stm32f4xx_hal_tim.o(i.TIM_ITRx_SetConfig)
    TIM_ITRx_SetConfig                       0x080032ab   Thumb Code    16  stm32f4xx_hal_tim.o(i.TIM_ITRx_SetConfig)
    i.TIM_OC1_SetConfig                      0x080032bc   Section        0  stm32f4xx_hal_tim.o(i.TIM_OC1_SetConfig)
    TIM_OC1_SetConfig                        0x080032bd   Thumb Code    74  stm32f4xx_hal_tim.o(i.TIM_OC1_SetConfig)
    i.TIM_OC2_SetConfig                      0x0800330c   Section        0  stm32f4xx_hal_tim.o(i.TIM_OC2_SetConfig)
    i.TIM_OC3_SetConfig                      0x08003364   Section        0  stm32f4xx_hal_tim.o(i.TIM_OC3_SetConfig)
    TIM_OC3_SetConfig                        0x08003365   Thumb Code    82  stm32f4xx_hal_tim.o(i.TIM_OC3_SetConfig)
    i.TIM_OC4_SetConfig                      0x080033bc   Section        0  stm32f4xx_hal_tim.o(i.TIM_OC4_SetConfig)
    TIM_OC4_SetConfig                        0x080033bd   Thumb Code    64  stm32f4xx_hal_tim.o(i.TIM_OC4_SetConfig)
    i.TIM_TI1_ConfigInputStage               0x08003400   Section        0  stm32f4xx_hal_tim.o(i.TIM_TI1_ConfigInputStage)
    TIM_TI1_ConfigInputStage                 0x08003401   Thumb Code    34  stm32f4xx_hal_tim.o(i.TIM_TI1_ConfigInputStage)
    i.TIM_TI2_ConfigInputStage               0x08003422   Section        0  stm32f4xx_hal_tim.o(i.TIM_TI2_ConfigInputStage)
    TIM_TI2_ConfigInputStage                 0x08003423   Thumb Code    36  stm32f4xx_hal_tim.o(i.TIM_TI2_ConfigInputStage)
    i.UART_DMAAbortOnError                   0x08003446   Section        0  stm32f4xx_hal_uart.o(i.UART_DMAAbortOnError)
    UART_DMAAbortOnError                     0x08003447   Thumb Code    16  stm32f4xx_hal_uart.o(i.UART_DMAAbortOnError)
    i.UART_EndRxTransfer                     0x08003456   Section        0  stm32f4xx_hal_uart.o(i.UART_EndRxTransfer)
    UART_EndRxTransfer                       0x08003457   Thumb Code    78  stm32f4xx_hal_uart.o(i.UART_EndRxTransfer)
    i.UART_Receive_IT                        0x080034a4   Section        0  stm32f4xx_hal_uart.o(i.UART_Receive_IT)
    UART_Receive_IT                          0x080034a5   Thumb Code   192  stm32f4xx_hal_uart.o(i.UART_Receive_IT)
    i.UART_SetConfig                         0x08003564   Section        0  stm32f4xx_hal_uart.o(i.UART_SetConfig)
    UART_SetConfig                           0x08003565   Thumb Code   258  stm32f4xx_hal_uart.o(i.UART_SetConfig)
    i.UART_WaitOnFlagUntilTimeout            0x08003670   Section        0  stm32f4xx_hal_uart.o(i.UART_WaitOnFlagUntilTimeout)
    UART_WaitOnFlagUntilTimeout              0x08003671   Thumb Code   120  stm32f4xx_hal_uart.o(i.UART_WaitOnFlagUntilTimeout)
    i.USART6_IRQHandler                      0x080036e8   Section        0  stm32f4xx_it.o(i.USART6_IRQHandler)
    i.UsageFault_Handler                     0x080036f4   Section        0  stm32f4xx_it.o(i.UsageFault_Handler)
    i.__ARM_fpclassify                       0x080036f6   Section        0  fpclassify.o(i.__ARM_fpclassify)
    i.__NVIC_SetPriority                     0x08003726   Section        0  stm32f4xx_hal_cortex.o(i.__NVIC_SetPriority)
    __NVIC_SetPriority                       0x08003727   Thumb Code    32  stm32f4xx_hal_cortex.o(i.__NVIC_SetPriority)
    i._is_digit                              0x08003746   Section        0  __printf_wp.o(i._is_digit)
    i.caculate_pid_of_velocity               0x08003754   Section        0  dc_driver.o(i.caculate_pid_of_velocity)
    i.caculate_position                      0x08003854   Section        0  dc_driver.o(i.caculate_position)
    i.caculate_speed                         0x08003880   Section        0  dc_driver.o(i.caculate_speed)
    i.control_motor_follow_vel_and_pos       0x080038ac   Section        0  dc_driver.o(i.control_motor_follow_vel_and_pos)
    i.fputc                                  0x0800391c   Section        0  main.o(i.fputc)
    i.main                                   0x08003934   Section        0  main.o(i.main)
    i.pid_init                               0x08003a3c   Section        0  dc_driver.o(i.pid_init)
    locale$$code                             0x08003a74   Section       44  lc_numeric_c.o(locale$$code)
    x$fpl$d2f                                0x08003aa0   Section       98  d2f.o(x$fpl$d2f)
    $v0                                      0x08003aa0   Number         0  d2f.o(x$fpl$d2f)
    x$fpl$dflt                               0x08003b02   Section       46  dflt_clz.o(x$fpl$dflt)
    $v0                                      0x08003b02   Number         0  dflt_clz.o(x$fpl$dflt)
    x$fpl$dmul                               0x08003b30   Section      340  dmul.o(x$fpl$dmul)
    $v0                                      0x08003b30   Number         0  dmul.o(x$fpl$dmul)
    x$fpl$dnaninf                            0x08003c84   Section      156  dnaninf.o(x$fpl$dnaninf)
    $v0                                      0x08003c84   Number         0  dnaninf.o(x$fpl$dnaninf)
    x$fpl$dretinf                            0x08003d20   Section       12  dretinf.o(x$fpl$dretinf)
    $v0                                      0x08003d20   Number         0  dretinf.o(x$fpl$dretinf)
    x$fpl$f2d                                0x08003d2c   Section       86  f2d.o(x$fpl$f2d)
    $v0                                      0x08003d2c   Number         0  f2d.o(x$fpl$f2d)
    x$fpl$fnaninf                            0x08003d82   Section      140  fnaninf.o(x$fpl$fnaninf)
    $v0                                      0x08003d82   Number         0  fnaninf.o(x$fpl$fnaninf)
    x$fpl$fpinit                             0x08003e0e   Section       10  fpinit.o(x$fpl$fpinit)
    $v0                                      0x08003e0e   Number         0  fpinit.o(x$fpl$fpinit)
    x$fpl$fretinf                            0x08003e18   Section       10  fretinf.o(x$fpl$fretinf)
    $v0                                      0x08003e18   Number         0  fretinf.o(x$fpl$fretinf)
    x$fpl$printf1                            0x08003e22   Section        4  printf1.o(x$fpl$printf1)
    $v0                                      0x08003e22   Number         0  printf1.o(x$fpl$printf1)
    .constdata                               0x08003e26   Section       16  system_stm32f4xx.o(.constdata)
    x$fpl$usenofp                            0x08003e26   Section        0  usenofp.o(x$fpl$usenofp)
    .constdata                               0x08003e36   Section        8  system_stm32f4xx.o(.constdata)
    .constdata                               0x08003e3e   Section       17  __printf_flags_wp.o(.constdata)
    maptable                                 0x08003e3e   Data          17  __printf_flags_wp.o(.constdata)
    .constdata                               0x08003e50   Section      148  bigflt0.o(.constdata)
    tenpwrs_x                                0x08003e50   Data          60  bigflt0.o(.constdata)
    tenpwrs_i                                0x08003e8c   Data          64  bigflt0.o(.constdata)
    locale$$data                             0x08003f04   Section       28  lc_numeric_c.o(locale$$data)
    __lcnum_c_name                           0x08003f08   Data           2  lc_numeric_c.o(locale$$data)
    __lcnum_c_start                          0x08003f10   Data           0  lc_numeric_c.o(locale$$data)
    __lcnum_c_point                          0x08003f1c   Data           0  lc_numeric_c.o(locale$$data)
    __lcnum_c_thousands                      0x08003f1e   Data           0  lc_numeric_c.o(locale$$data)
    __lcnum_c_grouping                       0x08003f1f   Data           0  lc_numeric_c.o(locale$$data)
    __lcnum_c_end                            0x08003f20   Data           0  lc_numeric_c.o(locale$$data)
    .data                                    0x20000000   Section        8  main.o(.data)
    .data                                    0x20000008   Section        4  main.o(.data)
    .data                                    0x2000000c   Section       12  stm32f4xx_hal.o(.data)
    .data                                    0x20000018   Section        4  system_stm32f4xx.o(.data)
    .data                                    0x2000001c   Section       20  dc_driver.o(.data)
    .bss                                     0x20000030   Section      524  main.o(.bss)
    .bss                                     0x2000023c   Section       96  libspace.o(.bss)
    HEAP                                     0x200002a0   Section      512  startup_stm32f411xe.o(HEAP)
    Heap_Mem                                 0x200002a0   Data         512  startup_stm32f411xe.o(HEAP)
    STACK                                    0x200004a0   Section     1024  startup_stm32f411xe.o(STACK)
    Stack_Mem                                0x200004a0   Data        1024  startup_stm32f411xe.o(STACK)
    __initial_sp                             0x200008a0   Data           0  startup_stm32f411xe.o(STACK)

    Global Symbols

    Symbol Name                              Value     Ov Type        Size  Object(Section)

    BuildAttributes$$THM_ISAv4$E$P$D$K$B$S$7EM$VFPi3$EXTD16$VFPS$VFMA$PE$A:L22UL41UL21$X:L11$S22US41US21$IEEE1$IW$USESV6$~STKCKD$USESV7$~SHL$OTIME$ROPI$IEEEJ$EBA8$UX$STANDARDLIB$REQ8$PRES8$EABIv2 0x00000000   Number         0  anon$$obj.o ABSOLUTE
    __ARM_use_no_argv                        0x00000000   Number         0  main.o ABSOLUTE
    _printf_flags                            0x00000000   Number         0  printf_stubs.o ABSOLUTE
    _printf_return_value                     0x00000000   Number         0  printf_stubs.o ABSOLUTE
    _printf_sizespec                         0x00000000   Number         0  printf_stubs.o ABSOLUTE
    _printf_widthprec                        0x00000000   Number         0  printf_stubs.o ABSOLUTE
    __ARM_exceptions_init                     - Undefined Weak Reference
    __alloca_initialize                       - Undefined Weak Reference
    __arm_preinit_                            - Undefined Weak Reference
    __cpp_initialize__aeabi_                  - Undefined Weak Reference
    __cxa_finalize                            - Undefined Weak Reference
    __sigvec_lookup                           - Undefined Weak Reference
    _atexit_init                              - Undefined Weak Reference
    _call_atexit_fns                          - Undefined Weak Reference
    _clock_init                               - Undefined Weak Reference
    _fp_trap_init                             - Undefined Weak Reference
    _fp_trap_shutdown                         - Undefined Weak Reference
    _get_lc_collate                           - Undefined Weak Reference
    _get_lc_ctype                             - Undefined Weak Reference
    _get_lc_monetary                          - Undefined Weak Reference
    _get_lc_time                              - Undefined Weak Reference
    _getenv_init                              - Undefined Weak Reference
    _handle_redirection                       - Undefined Weak Reference
    _init_alloc                               - Undefined Weak Reference
    _init_user_alloc                          - Undefined Weak Reference
    _initio                                   - Undefined Weak Reference
    _mutex_acquire                            - Undefined Weak Reference
    _mutex_release                            - Undefined Weak Reference
    _printf_post_padding                      - Undefined Weak Reference
    _printf_pre_padding                       - Undefined Weak Reference
    _rand_init                                - Undefined Weak Reference
    _signal_finish                            - Undefined Weak Reference
    _signal_init                              - Undefined Weak Reference
    _terminate_alloc                          - Undefined Weak Reference
    _terminate_user_alloc                     - Undefined Weak Reference
    _terminateio                              - Undefined Weak Reference
    __Vectors_Size                           0x00000198   Number         0  startup_stm32f411xe.o ABSOLUTE
    __Vectors                                0x08000000   Data           4  startup_stm32f411xe.o(RESET)
    __Vectors_End                            0x08000198   Data           0  startup_stm32f411xe.o(RESET)
    __main                                   0x08000199   Thumb Code     8  __main.o(!!!main)
    __scatterload                            0x080001a1   Thumb Code     0  __scatter.o(!!!scatter)
    __scatterload_rt2                        0x080001a1   Thumb Code    44  __scatter.o(!!!scatter)
    __scatterload_rt2_thumb_only             0x080001a1   Thumb Code     0  __scatter.o(!!!scatter)
    __scatterload_null                       0x080001af   Thumb Code     0  __scatter.o(!!!scatter)
    __scatterload_copy                       0x080001d5   Thumb Code    26  __scatter_copy.o(!!handler_copy)
    __scatterload_zeroinit                   0x080001f1   Thumb Code    28  __scatter_zi.o(!!handler_zi)
    _printf_f                                0x0800020d   Thumb Code     0  _printf_f.o(.ARM.Collect$$_printf_percent$$00000003)
    _printf_percent                          0x0800020d   Thumb Code     0  _printf_percent.o(.ARM.Collect$$_printf_percent$$00000000)
    _printf_percent_end                      0x08000213   Thumb Code     0  _printf_percent_end.o(.ARM.Collect$$_printf_percent$$00000017)
    __rt_lib_init                            0x08000217   Thumb Code     0  libinit.o(.ARM.Collect$$libinit$$00000000)
    __rt_lib_init_fp_1                       0x08000219   Thumb Code     0  libinit2.o(.ARM.Collect$$libinit$$00000001)
    __rt_lib_init_heap_1                     0x0800021d   Thumb Code     0  libinit2.o(.ARM.Collect$$libinit$$0000000A)
    __rt_lib_init_lc_common                  0x0800021d   Thumb Code     0  libinit2.o(.ARM.Collect$$libinit$$0000000F)
    __rt_lib_init_preinit_1                  0x0800021d   Thumb Code     0  libinit2.o(.ARM.Collect$$libinit$$00000004)
    __rt_lib_init_rand_1                     0x0800021d   Thumb Code     0  libinit2.o(.ARM.Collect$$libinit$$0000000E)
    __rt_lib_init_user_alloc_1               0x0800021d   Thumb Code     0  libinit2.o(.ARM.Collect$$libinit$$0000000C)
    __rt_lib_init_lc_collate_1               0x08000223   Thumb Code     0  libinit2.o(.ARM.Collect$$libinit$$00000011)
    __rt_lib_init_lc_ctype_1                 0x08000223   Thumb Code     0  libinit2.o(.ARM.Collect$$libinit$$00000013)
    __rt_lib_init_lc_monetary_1              0x08000223   Thumb Code     0  libinit2.o(.ARM.Collect$$libinit$$00000015)
    __rt_lib_init_lc_numeric_2               0x08000223   Thumb Code     0  libinit2.o(.ARM.Collect$$libinit$$00000016)
    __rt_lib_init_alloca_1                   0x0800022d   Thumb Code     0  libinit2.o(.ARM.Collect$$libinit$$0000002E)
    __rt_lib_init_argv_1                     0x0800022d   Thumb Code     0  libinit2.o(.ARM.Collect$$libinit$$0000002C)
    __rt_lib_init_atexit_1                   0x0800022d   Thumb Code     0  libinit2.o(.ARM.Collect$$libinit$$0000001B)
    __rt_lib_init_clock_1                    0x0800022d   Thumb Code     0  libinit2.o(.ARM.Collect$$libinit$$00000021)
    __rt_lib_init_cpp_1                      0x0800022d   Thumb Code     0  libinit2.o(.ARM.Collect$$libinit$$00000032)
    __rt_lib_init_exceptions_1               0x0800022d   Thumb Code     0  libinit2.o(.ARM.Collect$$libinit$$00000030)
    __rt_lib_init_fp_trap_1                  0x0800022d   Thumb Code     0  libinit2.o(.ARM.Collect$$libinit$$0000001F)
    __rt_lib_init_getenv_1                   0x0800022d   Thumb Code     0  libinit2.o(.ARM.Collect$$libinit$$00000023)
    __rt_lib_init_lc_numeric_1               0x0800022d   Thumb Code     0  libinit2.o(.ARM.Collect$$libinit$$00000017)
    __rt_lib_init_lc_time_1                  0x0800022d   Thumb Code     0  libinit2.o(.ARM.Collect$$libinit$$00000019)
    __rt_lib_init_return                     0x0800022d   Thumb Code     0  libinit2.o(.ARM.Collect$$libinit$$00000033)
    __rt_lib_init_signal_1                   0x0800022d   Thumb Code     0  libinit2.o(.ARM.Collect$$libinit$$0000001D)
    __rt_lib_init_stdio_1                    0x0800022d   Thumb Code     0  libinit2.o(.ARM.Collect$$libinit$$00000025)
    __rt_lib_shutdown                        0x0800022f   Thumb Code     0  libshutdown.o(.ARM.Collect$$libshutdown$$00000000)
    __rt_lib_shutdown_cpp_1                  0x08000231   Thumb Code     0  libshutdown2.o(.ARM.Collect$$libshutdown$$00000002)
    __rt_lib_shutdown_fp_trap_1              0x08000231   Thumb Code     0  libshutdown2.o(.ARM.Collect$$libshutdown$$00000007)
    __rt_lib_shutdown_heap_1                 0x08000231   Thumb Code     0  libshutdown2.o(.ARM.Collect$$libshutdown$$0000000F)
    __rt_lib_shutdown_return                 0x08000231   Thumb Code     0  libshutdown2.o(.ARM.Collect$$libshutdown$$00000010)
    __rt_lib_shutdown_signal_1               0x08000231   Thumb Code     0  libshutdown2.o(.ARM.Collect$$libshutdown$$0000000A)
    __rt_lib_shutdown_stdio_1                0x08000231   Thumb Code     0  libshutdown2.o(.ARM.Collect$$libshutdown$$00000004)
    __rt_lib_shutdown_user_alloc_1           0x08000231   Thumb Code     0  libshutdown2.o(.ARM.Collect$$libshutdown$$0000000C)
    __rt_entry                               0x08000233   Thumb Code     0  __rtentry.o(.ARM.Collect$$rtentry$$00000000)
    __rt_entry_presh_1                       0x08000233   Thumb Code     0  __rtentry2.o(.ARM.Collect$$rtentry$$00000002)
    __rt_entry_sh                            0x08000233   Thumb Code     0  __rtentry4.o(.ARM.Collect$$rtentry$$00000004)
    __rt_entry_li                            0x08000239   Thumb Code     0  __rtentry2.o(.ARM.Collect$$rtentry$$0000000A)
    __rt_entry_postsh_1                      0x08000239   Thumb Code     0  __rtentry2.o(.ARM.Collect$$rtentry$$00000009)
    __rt_entry_main                          0x0800023d   Thumb Code     0  __rtentry2.o(.ARM.Collect$$rtentry$$0000000D)
    __rt_entry_postli_1                      0x0800023d   Thumb Code     0  __rtentry2.o(.ARM.Collect$$rtentry$$0000000C)
    __rt_exit                                0x08000245   Thumb Code     0  rtexit.o(.ARM.Collect$$rtexit$$00000000)
    __rt_exit_ls                             0x08000247   Thumb Code     0  rtexit2.o(.ARM.Collect$$rtexit$$00000003)
    __rt_exit_prels_1                        0x08000247   Thumb Code     0  rtexit2.o(.ARM.Collect$$rtexit$$00000002)
    __rt_exit_exit                           0x0800024b   Thumb Code     0  rtexit2.o(.ARM.Collect$$rtexit$$00000004)
    Reset_Handler                            0x08000251   Thumb Code     8  startup_stm32f411xe.o(.text)
    ADC_IRQHandler                           0x0800026b   Thumb Code     0  startup_stm32f411xe.o(.text)
    DMA1_Stream0_IRQHandler                  0x0800026b   Thumb Code     0  startup_stm32f411xe.o(.text)
    DMA1_Stream1_IRQHandler                  0x0800026b   Thumb Code     0  startup_stm32f411xe.o(.text)
    DMA1_Stream2_IRQHandler                  0x0800026b   Thumb Code     0  startup_stm32f411xe.o(.text)
    DMA1_Stream3_IRQHandler                  0x0800026b   Thumb Code     0  startup_stm32f411xe.o(.text)
    DMA1_Stream4_IRQHandler                  0x0800026b   Thumb Code     0  startup_stm32f411xe.o(.text)
    DMA1_Stream5_IRQHandler                  0x0800026b   Thumb Code     0  startup_stm32f411xe.o(.text)
    DMA1_Stream6_IRQHandler                  0x0800026b   Thumb Code     0  startup_stm32f411xe.o(.text)
    DMA1_Stream7_IRQHandler                  0x0800026b   Thumb Code     0  startup_stm32f411xe.o(.text)
    DMA2_Stream0_IRQHandler                  0x0800026b   Thumb Code     0  startup_stm32f411xe.o(.text)
    DMA2_Stream1_IRQHandler                  0x0800026b   Thumb Code     0  startup_stm32f411xe.o(.text)
    DMA2_Stream2_IRQHandler                  0x0800026b   Thumb Code     0  startup_stm32f411xe.o(.text)
    DMA2_Stream3_IRQHandler                  0x0800026b   Thumb Code     0  startup_stm32f411xe.o(.text)
    DMA2_Stream4_IRQHandler                  0x0800026b   Thumb Code     0  startup_stm32f411xe.o(.text)
    DMA2_Stream5_IRQHandler                  0x0800026b   Thumb Code     0  startup_stm32f411xe.o(.text)
    DMA2_Stream6_IRQHandler                  0x0800026b   Thumb Code     0  startup_stm32f411xe.o(.text)
    DMA2_Stream7_IRQHandler                  0x0800026b   Thumb Code     0  startup_stm32f411xe.o(.text)
    EXTI0_IRQHandler                         0x0800026b   Thumb Code     0  startup_stm32f411xe.o(.text)
    EXTI15_10_IRQHandler                     0x0800026b   Thumb Code     0  startup_stm32f411xe.o(.text)
    EXTI1_IRQHandler                         0x0800026b   Thumb Code     0  startup_stm32f411xe.o(.text)
    EXTI2_IRQHandler                         0x0800026b   Thumb Code     0  startup_stm32f411xe.o(.text)
    EXTI3_IRQHandler                         0x0800026b   Thumb Code     0  startup_stm32f411xe.o(.text)
    FLASH_IRQHandler                         0x0800026b   Thumb Code     0  startup_stm32f411xe.o(.text)
    FPU_IRQHandler                           0x0800026b   Thumb Code     0  startup_stm32f411xe.o(.text)
    I2C1_ER_IRQHandler                       0x0800026b   Thumb Code     0  startup_stm32f411xe.o(.text)
    I2C1_EV_IRQHandler                       0x0800026b   Thumb Code     0  startup_stm32f411xe.o(.text)
    I2C2_ER_IRQHandler                       0x0800026b   Thumb Code     0  startup_stm32f411xe.o(.text)
    I2C2_EV_IRQHandler                       0x0800026b   Thumb Code     0  startup_stm32f411xe.o(.text)
    I2C3_ER_IRQHandler                       0x0800026b   Thumb Code     0  startup_stm32f411xe.o(.text)
    I2C3_EV_IRQHandler                       0x0800026b   Thumb Code     0  startup_stm32f411xe.o(.text)
    OTG_FS_IRQHandler                        0x0800026b   Thumb Code     0  startup_stm32f411xe.o(.text)
    OTG_FS_WKUP_IRQHandler                   0x0800026b   Thumb Code     0  startup_stm32f411xe.o(.text)
    PVD_IRQHandler                           0x0800026b   Thumb Code     0  startup_stm32f411xe.o(.text)
    RCC_IRQHandler                           0x0800026b   Thumb Code     0  startup_stm32f411xe.o(.text)
    RTC_Alarm_IRQHandler                     0x0800026b   Thumb Code     0  startup_stm32f411xe.o(.text)
    RTC_WKUP_IRQHandler                      0x0800026b   Thumb Code     0  startup_stm32f411xe.o(.text)
    SDIO_IRQHandler                          0x0800026b   Thumb Code     0  startup_stm32f411xe.o(.text)
    SPI1_IRQHandler                          0x0800026b   Thumb Code     0  startup_stm32f411xe.o(.text)
    SPI2_IRQHandler                          0x0800026b   Thumb Code     0  startup_stm32f411xe.o(.text)
    SPI3_IRQHandler                          0x0800026b   Thumb Code     0  startup_stm32f411xe.o(.text)
    SPI4_IRQHandler                          0x0800026b   Thumb Code     0  startup_stm32f411xe.o(.text)
    SPI5_IRQHandler                          0x0800026b   Thumb Code     0  startup_stm32f411xe.o(.text)
    TAMP_STAMP_IRQHandler                    0x0800026b   Thumb Code     0  startup_stm32f411xe.o(.text)
    TIM1_BRK_TIM9_IRQHandler                 0x0800026b   Thumb Code     0  startup_stm32f411xe.o(.text)
    TIM1_CC_IRQHandler                       0x0800026b   Thumb Code     0  startup_stm32f411xe.o(.text)
    TIM1_TRG_COM_TIM11_IRQHandler            0x0800026b   Thumb Code     0  startup_stm32f411xe.o(.text)
    TIM1_UP_TIM10_IRQHandler                 0x0800026b   Thumb Code     0  startup_stm32f411xe.o(.text)
    TIM3_IRQHandler                          0x0800026b   Thumb Code     0  startup_stm32f411xe.o(.text)
    TIM5_IRQHandler                          0x0800026b   Thumb Code     0  startup_stm32f411xe.o(.text)
    USART1_IRQHandler                        0x0800026b   Thumb Code     0  startup_stm32f411xe.o(.text)
    USART2_IRQHandler                        0x0800026b   Thumb Code     0  startup_stm32f411xe.o(.text)
    WWDG_IRQHandler                          0x0800026b   Thumb Code     0  startup_stm32f411xe.o(.text)
    __user_initial_stackheap                 0x0800026d   Thumb Code     0  startup_stm32f411xe.o(.text)
    __aeabi_uldivmod                         0x08000291   Thumb Code     0  lludivv7m.o(.text)
    _ll_udiv                                 0x08000291   Thumb Code   238  lludivv7m.o(.text)
    __2printf                                0x08000381   Thumb Code    20  noretval__2printf.o(.text)
    __printf                                 0x08000399   Thumb Code   308  __printf_flags_wp.o(.text)
    __aeabi_memclr4                          0x080004d1   Thumb Code     0  rt_memclr_w.o(.text)
    __aeabi_memclr8                          0x080004d1   Thumb Code     0  rt_memclr_w.o(.text)
    __rt_memclr_w                            0x080004d1   Thumb Code    78  rt_memclr_w.o(.text)
    _memset_w                                0x080004d5   Thumb Code     0  rt_memclr_w.o(.text)
    __use_two_region_memory                  0x0800051f   Thumb Code     2  heapauxi.o(.text)
    __rt_heap_escrow$2region                 0x08000521   Thumb Code     2  heapauxi.o(.text)
    __rt_heap_expand$2region                 0x08000523   Thumb Code     2  heapauxi.o(.text)
    __lib_sel_fp_printf                      0x08000525   Thumb Code     2  _printf_fp_dec.o(.text)
    _printf_fp_dec_real                      0x080006d7   Thumb Code   620  _printf_fp_dec.o(.text)
    _printf_char_file                        0x08000945   Thumb Code    32  _printf_char_file.o(.text)
    __rt_locale                              0x08000969   Thumb Code     8  rt_locale_intlibspace.o(.text)
    _ll_udiv10                               0x08000971   Thumb Code   138  lludiv10.o(.text)
    _printf_char_common                      0x08000a07   Thumb Code    32  _printf_char_common.o(.text)
    _printf_fp_infnan                        0x08000a2d   Thumb Code   112  _printf_fp_infnan.o(.text)
    _btod_etento                             0x08000aad   Thumb Code   224  bigflt0.o(.text)
    ferror                                   0x08000b91   Thumb Code     8  ferror.o(.text)
    __user_libspace                          0x08000b99   Thumb Code     8  libspace.o(.text)
    __user_perproc_libspace                  0x08000b99   Thumb Code     0  libspace.o(.text)
    __user_perthread_libspace                0x08000b99   Thumb Code     0  libspace.o(.text)
    __user_setup_stackheap                   0x08000ba1   Thumb Code    74  sys_stackheap_outer.o(.text)
    exit                                     0x08000beb   Thumb Code    18  exit.o(.text)
    strcmp                                   0x08000bfd   Thumb Code   128  strcmpv7m.o(.text)
    _sys_exit                                0x08000c7d   Thumb Code     8  sys_exit.o(.text)
    __I$use$semihosting                      0x08000c89   Thumb Code     0  use_no_semi.o(.text)
    __use_no_semihosting_swi                 0x08000c89   Thumb Code     2  use_no_semi.o(.text)
    __semihosting_library_function           0x08000c8b   Thumb Code     0  indicate_semi.o(.text)
    _btod_d2e                                0x08000c8b   Thumb Code    62  btod.o(CL$$btod_d2e)
    _d2e_denorm_low                          0x08000cc9   Thumb Code    70  btod.o(CL$$btod_d2e_denorm_low)
    _d2e_norm_op1                            0x08000d0f   Thumb Code    96  btod.o(CL$$btod_d2e_norm_op1)
    __btod_div_common                        0x08000d6f   Thumb Code   696  btod.o(CL$$btod_div_common)
    _e2e                                     0x080010a7   Thumb Code   220  btod.o(CL$$btod_e2e)
    _btod_ediv                               0x08001183   Thumb Code    42  btod.o(CL$$btod_ediv)
    _btod_emul                               0x080011ad   Thumb Code    42  btod.o(CL$$btod_emul)
    __btod_mult_common                       0x080011d7   Thumb Code   580  btod.o(CL$$btod_mult_common)
    BusFault_Handler                         0x08001545   Thumb Code     2  stm32f4xx_it.o(i.BusFault_Handler)
    DebugMon_Handler                         0x08001547   Thumb Code     2  stm32f4xx_it.o(i.DebugMon_Handler)
    EXTI4_IRQHandler                         0x08001549   Thumb Code   146  dc_driver.o(i.EXTI4_IRQHandler)
    EXTI9_5_IRQHandler                       0x080015e5   Thumb Code   146  dc_driver.o(i.EXTI9_5_IRQHandler)
    HAL_ADC_ConfigChannel                    0x08001681   Thumb Code   334  stm32f4xx_hal_adc.o(i.HAL_ADC_ConfigChannel)
    HAL_ADC_GetValue                         0x080017e5   Thumb Code     6  stm32f4xx_hal_adc.o(i.HAL_ADC_GetValue)
    HAL_ADC_Init                             0x080017eb   Thumb Code    84  stm32f4xx_hal_adc.o(i.HAL_ADC_Init)
    HAL_ADC_MspInit                          0x08001841   Thumb Code    84  stm32f4xx_hal_msp.o(i.HAL_ADC_MspInit)
    HAL_ADC_PollForConversion                0x080018a1   Thumb Code   170  stm32f4xx_hal_adc.o(i.HAL_ADC_PollForConversion)
    HAL_ADC_Start                            0x0800194d   Thumb Code   188  stm32f4xx_hal_adc.o(i.HAL_ADC_Start)
    HAL_ADC_Stop                             0x08001a19   Thumb Code    60  stm32f4xx_hal_adc.o(i.HAL_ADC_Stop)
    HAL_DMA_Abort                            0x08001a55   Thumb Code   146  stm32f4xx_hal_dma.o(i.HAL_DMA_Abort)
    HAL_DMA_Abort_IT                         0x08001ae7   Thumb Code    36  stm32f4xx_hal_dma.o(i.HAL_DMA_Abort_IT)
    HAL_GPIO_EXTI_Callback                   0x08001b0b   Thumb Code     2  stm32f4xx_hal_gpio.o(i.HAL_GPIO_EXTI_Callback)
    HAL_GPIO_EXTI_IRQHandler                 0x08001b0d   Thumb Code    18  stm32f4xx_hal_gpio.o(i.HAL_GPIO_EXTI_IRQHandler)
    HAL_GPIO_Init                            0x08001b25   Thumb Code   446  stm32f4xx_hal_gpio.o(i.HAL_GPIO_Init)
    HAL_GPIO_ReadPin                         0x08001d05   Thumb Code    10  stm32f4xx_hal_gpio.o(i.HAL_GPIO_ReadPin)
    HAL_GPIO_WritePin                        0x08001d0f   Thumb Code    10  stm32f4xx_hal_gpio.o(i.HAL_GPIO_WritePin)
    HAL_GetTick                              0x08001d19   Thumb Code     6  stm32f4xx_hal.o(i.HAL_GetTick)
    HAL_IncTick                              0x08001d25   Thumb Code    12  stm32f4xx_hal.o(i.HAL_IncTick)
    HAL_Init                                 0x08001d35   Thumb Code    48  stm32f4xx_hal.o(i.HAL_Init)
    HAL_InitTick                             0x08001d69   Thumb Code    54  stm32f4xx_hal.o(i.HAL_InitTick)
    HAL_MspInit                              0x08001da9   Thumb Code    42  stm32f4xx_hal_msp.o(i.HAL_MspInit)
    HAL_NVIC_EnableIRQ                       0x08001dd9   Thumb Code    26  stm32f4xx_hal_cortex.o(i.HAL_NVIC_EnableIRQ)
    HAL_NVIC_SetPriority                     0x08001df5   Thumb Code    60  stm32f4xx_hal_cortex.o(i.HAL_NVIC_SetPriority)
    HAL_NVIC_SetPriorityGrouping             0x08001e35   Thumb Code    26  stm32f4xx_hal_cortex.o(i.HAL_NVIC_SetPriorityGrouping)
    HAL_RCC_ClockConfig                      0x08001e59   Thumb Code   288  stm32f4xx_hal_rcc.o(i.HAL_RCC_ClockConfig)
    HAL_RCC_GetPCLK1Freq                     0x08001f8d   Thumb Code    20  stm32f4xx_hal_rcc.o(i.HAL_RCC_GetPCLK1Freq)
    HAL_RCC_GetPCLK2Freq                     0x08001fad   Thumb Code    20  stm32f4xx_hal_rcc.o(i.HAL_RCC_GetPCLK2Freq)
    HAL_RCC_GetSysClockFreq                  0x08001fcd   Thumb Code    88  stm32f4xx_hal_rcc.o(i.HAL_RCC_GetSysClockFreq)
    HAL_RCC_OscConfig                        0x08002031   Thumb Code   856  stm32f4xx_hal_rcc.o(i.HAL_RCC_OscConfig)
    HAL_SYSTICK_Config                       0x0800239d   Thumb Code    40  stm32f4xx_hal_cortex.o(i.HAL_SYSTICK_Config)
    HAL_TIMEx_BreakCallback                  0x080023c5   Thumb Code     2  stm32f4xx_hal_tim_ex.o(i.HAL_TIMEx_BreakCallback)
    HAL_TIMEx_CommutCallback                 0x080023c7   Thumb Code     2  stm32f4xx_hal_tim_ex.o(i.HAL_TIMEx_CommutCallback)
    HAL_TIMEx_MasterConfigSynchronization    0x080023c9   Thumb Code   104  stm32f4xx_hal_tim_ex.o(i.HAL_TIMEx_MasterConfigSynchronization)
    HAL_TIM_Base_Init                        0x08002445   Thumb Code    90  stm32f4xx_hal_tim.o(i.HAL_TIM_Base_Init)
    HAL_TIM_Base_MspInit                     0x080024a1   Thumb Code    86  stm32f4xx_hal_msp.o(i.HAL_TIM_Base_MspInit)
    HAL_TIM_Base_Start_IT                    0x08002501   Thumb Code    88  stm32f4xx_hal_tim.o(i.HAL_TIM_Base_Start_IT)
    HAL_TIM_ConfigClockSource                0x0800256d   Thumb Code   220  stm32f4xx_hal_tim.o(i.HAL_TIM_ConfigClockSource)
    HAL_TIM_IC_CaptureCallback               0x08002649   Thumb Code     2  stm32f4xx_hal_tim.o(i.HAL_TIM_IC_CaptureCallback)
    HAL_TIM_IRQHandler                       0x0800264b   Thumb Code   358  stm32f4xx_hal_tim.o(i.HAL_TIM_IRQHandler)
    HAL_TIM_MspPostInit                      0x080027b1   Thumb Code    68  stm32f4xx_hal_msp.o(i.HAL_TIM_MspPostInit)
    HAL_TIM_OC_DelayElapsedCallback          0x08002801   Thumb Code     2  stm32f4xx_hal_tim.o(i.HAL_TIM_OC_DelayElapsedCallback)
    HAL_TIM_PWM_ConfigChannel                0x08002803   Thumb Code   204  stm32f4xx_hal_tim.o(i.HAL_TIM_PWM_ConfigChannel)
    HAL_TIM_PWM_Init                         0x080028cf   Thumb Code    90  stm32f4xx_hal_tim.o(i.HAL_TIM_PWM_Init)
    HAL_TIM_PWM_MspInit                      0x08002929   Thumb Code    30  stm32f4xx_hal_msp.o(i.HAL_TIM_PWM_MspInit)
    HAL_TIM_PWM_PulseFinishedCallback        0x08002951   Thumb Code     2  stm32f4xx_hal_tim.o(i.HAL_TIM_PWM_PulseFinishedCallback)
    HAL_TIM_PWM_Start                        0x08002955   Thumb Code   156  stm32f4xx_hal_tim.o(i.HAL_TIM_PWM_Start)
    HAL_TIM_PeriodElapsedCallback            0x08002a05   Thumb Code    96  main.o(i.HAL_TIM_PeriodElapsedCallback)
    HAL_TIM_TriggerCallback                  0x08002a81   Thumb Code     2  stm32f4xx_hal_tim.o(i.HAL_TIM_TriggerCallback)
    HAL_UARTEx_RxEventCallback               0x08002a83   Thumb Code     2  stm32f4xx_hal_uart.o(i.HAL_UARTEx_RxEventCallback)
    HAL_UART_ErrorCallback                   0x08002a85   Thumb Code     2  stm32f4xx_hal_uart.o(i.HAL_UART_ErrorCallback)
    HAL_UART_IRQHandler                      0x08002a89   Thumb Code   610  stm32f4xx_hal_uart.o(i.HAL_UART_IRQHandler)
    HAL_UART_Init                            0x08002cf1   Thumb Code    98  stm32f4xx_hal_uart.o(i.HAL_UART_Init)
    HAL_UART_MspInit                         0x08002d55   Thumb Code   166  stm32f4xx_hal_msp.o(i.HAL_UART_MspInit)
    HAL_UART_RxCpltCallback                  0x08002e11   Thumb Code     2  stm32f4xx_hal_uart.o(i.HAL_UART_RxCpltCallback)
    HAL_UART_Transmit                        0x08002e15   Thumb Code   178  stm32f4xx_hal_uart.o(i.HAL_UART_Transmit)
    HAL_UART_TxCpltCallback                  0x08002ec7   Thumb Code     2  stm32f4xx_hal_uart.o(i.HAL_UART_TxCpltCallback)
    HardFault_Handler                        0x08002ec9   Thumb Code     2  stm32f4xx_it.o(i.HardFault_Handler)
    MemManage_Handler                        0x0800311d   Thumb Code     2  stm32f4xx_it.o(i.MemManage_Handler)
    NMI_Handler                              0x0800311f   Thumb Code     2  stm32f4xx_it.o(i.NMI_Handler)
    PendSV_Handler                           0x08003121   Thumb Code     2  stm32f4xx_it.o(i.PendSV_Handler)
    SVC_Handler                              0x08003123   Thumb Code     2  stm32f4xx_it.o(i.SVC_Handler)
    SysTick_Handler                          0x08003125   Thumb Code     4  stm32f4xx_it.o(i.SysTick_Handler)
    SystemClock_Config                       0x08003129   Thumb Code   138  main.o(i.SystemClock_Config)
    SystemInit                               0x080031bd   Thumb Code    12  system_stm32f4xx.o(i.SystemInit)
    TIM2_IRQHandler                          0x080031cd   Thumb Code     6  stm32f4xx_it.o(i.TIM2_IRQHandler)
    TIM4_IRQHandler                          0x080031d9   Thumb Code     6  stm32f4xx_it.o(i.TIM4_IRQHandler)
    TIM_Base_SetConfig                       0x080031e5   Thumb Code   122  stm32f4xx_hal_tim.o(i.TIM_Base_SetConfig)
    TIM_CCxChannelCmd                        0x0800327d   Thumb Code    26  stm32f4xx_hal_tim.o(i.TIM_CCxChannelCmd)
    TIM_ETR_SetConfig                        0x08003297   Thumb Code    20  stm32f4xx_hal_tim.o(i.TIM_ETR_SetConfig)
    TIM_OC2_SetConfig                        0x0800330d   Thumb Code    84  stm32f4xx_hal_tim.o(i.TIM_OC2_SetConfig)
    USART6_IRQHandler                        0x080036e9   Thumb Code     6  stm32f4xx_it.o(i.USART6_IRQHandler)
    UsageFault_Handler                       0x080036f5   Thumb Code     2  stm32f4xx_it.o(i.UsageFault_Handler)
    __ARM_fpclassify                         0x080036f7   Thumb Code    48  fpclassify.o(i.__ARM_fpclassify)
    _is_digit                                0x08003747   Thumb Code    14  __printf_wp.o(i._is_digit)
    caculate_pid_of_velocity                 0x08003755   Thumb Code   238  dc_driver.o(i.caculate_pid_of_velocity)
    caculate_position                        0x08003855   Thumb Code    32  dc_driver.o(i.caculate_position)
    caculate_speed                           0x08003881   Thumb Code    38  dc_driver.o(i.caculate_speed)
    control_motor_follow_vel_and_pos         0x080038ad   Thumb Code   104  dc_driver.o(i.control_motor_follow_vel_and_pos)
    fputc                                    0x0800391d   Thumb Code    18  main.o(i.fputc)
    main                                     0x08003935   Thumb Code   218  main.o(i.main)
    pid_init                                 0x08003a3d   Thumb Code    54  dc_driver.o(i.pid_init)
    _get_lc_numeric                          0x08003a75   Thumb Code    44  lc_numeric_c.o(locale$$code)
    __aeabi_d2f                              0x08003aa1   Thumb Code     0  d2f.o(x$fpl$d2f)
    _d2f                                     0x08003aa1   Thumb Code    98  d2f.o(x$fpl$d2f)
    __aeabi_i2d                              0x08003b03   Thumb Code     0  dflt_clz.o(x$fpl$dflt)
    _dflt                                    0x08003b03   Thumb Code    46  dflt_clz.o(x$fpl$dflt)
    __aeabi_dmul                             0x08003b31   Thumb Code     0  dmul.o(x$fpl$dmul)
    _dmul                                    0x08003b31   Thumb Code   332  dmul.o(x$fpl$dmul)
    __fpl_dnaninf                            0x08003c85   Thumb Code   156  dnaninf.o(x$fpl$dnaninf)
    __fpl_dretinf                            0x08003d21   Thumb Code    12  dretinf.o(x$fpl$dretinf)
    __aeabi_f2d                              0x08003d2d   Thumb Code     0  f2d.o(x$fpl$f2d)
    _f2d                                     0x08003d2d   Thumb Code    86  f2d.o(x$fpl$f2d)
    __fpl_fnaninf                            0x08003d83   Thumb Code   140  fnaninf.o(x$fpl$fnaninf)
    _fp_init                                 0x08003e0f   Thumb Code    10  fpinit.o(x$fpl$fpinit)
    __fplib_config_fpu_vfp                   0x08003e17   Thumb Code     0  fpinit.o(x$fpl$fpinit)
    __fplib_config_pureend_doubles           0x08003e17   Thumb Code     0  fpinit.o(x$fpl$fpinit)
    __fpl_fretinf                            0x08003e19   Thumb Code    10  fretinf.o(x$fpl$fretinf)
    _printf_fp_dec                           0x08003e23   Thumb Code     4  printf1.o(x$fpl$printf1)
    AHBPrescTable                            0x08003e26   Data          16  system_stm32f4xx.o(.constdata)
    __I$use$fp                               0x08003e26   Number         0  usenofp.o(x$fpl$usenofp)
    APBPrescTable                            0x08003e36   Data           8  system_stm32f4xx.o(.constdata)
    Region$$Table$$Base                      0x08003ee4   Number         0  anon$$obj.o(Region$$Table)
    Region$$Table$$Limit                     0x08003f04   Number         0  anon$$obj.o(Region$$Table)
    pwm                                      0x20000000   Data           4  main.o(.data)
    adc                                      0x20000004   Data           4  main.o(.data)
    __stdout                                 0x20000008   Data           4  main.o(.data)
    uwTickFreq                               0x2000000c   Data           1  stm32f4xx_hal.o(.data)
    uwTickPrio                               0x20000010   Data           4  stm32f4xx_hal.o(.data)
    uwTick                                   0x20000014   Data           4  stm32f4xx_hal.o(.data)
    SystemCoreClock                          0x20000018   Data           4  system_stm32f4xx.o(.data)
    previous_state                           0x2000001c   Data           1  dc_driver.o(.data)
    count_position_value                     0x20000020   Data           4  dc_driver.o(.data)
    count_veloctity_value                    0x20000024   Data           4  dc_driver.o(.data)
    count_value                              0x20000028   Data           4  dc_driver.o(.data)
    velocity_from_encoder                    0x2000002c   Data           4  dc_driver.o(.data)
    hadc1                                    0x20000030   Data          72  main.o(.bss)
    htim2                                    0x20000078   Data          72  main.o(.bss)
    htim3                                    0x200000c0   Data          72  main.o(.bss)
    htim4                                    0x20000108   Data          72  main.o(.bss)
    huart1                                   0x20000150   Data          68  main.o(.bss)
    huart6                                   0x20000194   Data          68  main.o(.bss)
    pidSpeed                                 0x200001d8   Data         100  main.o(.bss)
    __libspace_start                         0x2000023c   Data          96  libspace.o(.bss)
    __temporary_stack_top$libspace           0x2000029c   Data           0  libspace.o(.bss)



==============================================================================

Memory Map of the image

  Image Entry point : 0x08000199

  Load Region LR_IROM1 (Base: 0x08000000, Size: 0x00003f50, Max: 0x00080000, ABSOLUTE)

    Execution Region ER_IROM1 (Exec base: 0x08000000, Load base: 0x08000000, Size: 0x00003f20, Max: 0x00080000, ABSOLUTE)

    Exec Addr    Load Addr    Size         Type   Attr      Idx    E Section Name        Object

    0x08000000   0x08000000   0x00000198   Data   RO            3    RESET               startup_stm32f411xe.o
    0x08000198   0x08000198   0x00000008   Code   RO         3348  * !!!main             c_w.l(__main.o)
    0x080001a0   0x080001a0   0x00000034   Code   RO         3594    !!!scatter          c_w.l(__scatter.o)
    0x080001d4   0x080001d4   0x0000001a   Code   RO         3596    !!handler_copy      c_w.l(__scatter_copy.o)
    0x080001ee   0x080001ee   0x00000002   PAD
    0x080001f0   0x080001f0   0x0000001c   Code   RO         3598    !!handler_zi        c_w.l(__scatter_zi.o)
    0x0800020c   0x0800020c   0x00000000   Code   RO         3343    .ARM.Collect$$_printf_percent$$00000000  c_w.l(_printf_percent.o)
    0x0800020c   0x0800020c   0x00000006   Code   RO         3342    .ARM.Collect$$_printf_percent$$00000003  c_w.l(_printf_f.o)
    0x08000212   0x08000212   0x00000004   Code   RO         3373    .ARM.Collect$$_printf_percent$$00000017  c_w.l(_printf_percent_end.o)
    0x08000216   0x08000216   0x00000002   Code   RO         3467    .ARM.Collect$$libinit$$00000000  c_w.l(libinit.o)
    0x08000218   0x08000218   0x00000004   Code   RO         3468    .ARM.Collect$$libinit$$00000001  c_w.l(libinit2.o)
    0x0800021c   0x0800021c   0x00000000   Code   RO         3471    .ARM.Collect$$libinit$$00000004  c_w.l(libinit2.o)
    0x0800021c   0x0800021c   0x00000000   Code   RO         3474    .ARM.Collect$$libinit$$0000000A  c_w.l(libinit2.o)
    0x0800021c   0x0800021c   0x00000000   Code   RO         3476    .ARM.Collect$$libinit$$0000000C  c_w.l(libinit2.o)
    0x0800021c   0x0800021c   0x00000000   Code   RO         3478    .ARM.Collect$$libinit$$0000000E  c_w.l(libinit2.o)
    0x0800021c   0x0800021c   0x00000006   Code   RO         3479    .ARM.Collect$$libinit$$0000000F  c_w.l(libinit2.o)
    0x08000222   0x08000222   0x00000000   Code   RO         3481    .ARM.Collect$$libinit$$00000011  c_w.l(libinit2.o)
    0x08000222   0x08000222   0x00000000   Code   RO         3483    .ARM.Collect$$libinit$$00000013  c_w.l(libinit2.o)
    0x08000222   0x08000222   0x00000000   Code   RO         3485    .ARM.Collect$$libinit$$00000015  c_w.l(libinit2.o)
    0x08000222   0x08000222   0x0000000a   Code   RO         3486    .ARM.Collect$$libinit$$00000016  c_w.l(libinit2.o)
    0x0800022c   0x0800022c   0x00000000   Code   RO         3487    .ARM.Collect$$libinit$$00000017  c_w.l(libinit2.o)
    0x0800022c   0x0800022c   0x00000000   Code   RO         3489    .ARM.Collect$$libinit$$00000019  c_w.l(libinit2.o)
    0x0800022c   0x0800022c   0x00000000   Code   RO         3491    .ARM.Collect$$libinit$$0000001B  c_w.l(libinit2.o)
    0x0800022c   0x0800022c   0x00000000   Code   RO         3493    .ARM.Collect$$libinit$$0000001D  c_w.l(libinit2.o)
    0x0800022c   0x0800022c   0x00000000   Code   RO         3495    .ARM.Collect$$libinit$$0000001F  c_w.l(libinit2.o)
    0x0800022c   0x0800022c   0x00000000   Code   RO         3497    .ARM.Collect$$libinit$$00000021  c_w.l(libinit2.o)
    0x0800022c   0x0800022c   0x00000000   Code   RO         3499    .ARM.Collect$$libinit$$00000023  c_w.l(libinit2.o)
    0x0800022c   0x0800022c   0x00000000   Code   RO         3501    .ARM.Collect$$libinit$$00000025  c_w.l(libinit2.o)
    0x0800022c   0x0800022c   0x00000000   Code   RO         3505    .ARM.Collect$$libinit$$0000002C  c_w.l(libinit2.o)
    0x0800022c   0x0800022c   0x00000000   Code   RO         3507    .ARM.Collect$$libinit$$0000002E  c_w.l(libinit2.o)
    0x0800022c   0x0800022c   0x00000000   Code   RO         3509    .ARM.Collect$$libinit$$00000030  c_w.l(libinit2.o)
    0x0800022c   0x0800022c   0x00000000   Code   RO         3511    .ARM.Collect$$libinit$$00000032  c_w.l(libinit2.o)
    0x0800022c   0x0800022c   0x00000002   Code   RO         3512    .ARM.Collect$$libinit$$00000033  c_w.l(libinit2.o)
    0x0800022e   0x0800022e   0x00000002   Code   RO         3559    .ARM.Collect$$libshutdown$$00000000  c_w.l(libshutdown.o)
    0x08000230   0x08000230   0x00000000   Code   RO         3577    .ARM.Collect$$libshutdown$$00000002  c_w.l(libshutdown2.o)
    0x08000230   0x08000230   0x00000000   Code   RO         3579    .ARM.Collect$$libshutdown$$00000004  c_w.l(libshutdown2.o)
    0x08000230   0x08000230   0x00000000   Code   RO         3582    .ARM.Collect$$libshutdown$$00000007  c_w.l(libshutdown2.o)
    0x08000230   0x08000230   0x00000000   Code   RO         3585    .ARM.Collect$$libshutdown$$0000000A  c_w.l(libshutdown2.o)
    0x08000230   0x08000230   0x00000000   Code   RO         3587    .ARM.Collect$$libshutdown$$0000000C  c_w.l(libshutdown2.o)
    0x08000230   0x08000230   0x00000000   Code   RO         3590    .ARM.Collect$$libshutdown$$0000000F  c_w.l(libshutdown2.o)
    0x08000230   0x08000230   0x00000002   Code   RO         3591    .ARM.Collect$$libshutdown$$00000010  c_w.l(libshutdown2.o)
    0x08000232   0x08000232   0x00000000   Code   RO         3364    .ARM.Collect$$rtentry$$00000000  c_w.l(__rtentry.o)
    0x08000232   0x08000232   0x00000000   Code   RO         3384    .ARM.Collect$$rtentry$$00000002  c_w.l(__rtentry2.o)
    0x08000232   0x08000232   0x00000006   Code   RO         3396    .ARM.Collect$$rtentry$$00000004  c_w.l(__rtentry4.o)
    0x08000238   0x08000238   0x00000000   Code   RO         3386    .ARM.Collect$$rtentry$$00000009  c_w.l(__rtentry2.o)
    0x08000238   0x08000238   0x00000004   Code   RO         3387    .ARM.Collect$$rtentry$$0000000A  c_w.l(__rtentry2.o)
    0x0800023c   0x0800023c   0x00000000   Code   RO         3389    .ARM.Collect$$rtentry$$0000000C  c_w.l(__rtentry2.o)
    0x0800023c   0x0800023c   0x00000008   Code   RO         3390    .ARM.Collect$$rtentry$$0000000D  c_w.l(__rtentry2.o)
    0x08000244   0x08000244   0x00000002   Code   RO         3513    .ARM.Collect$$rtexit$$00000000  c_w.l(rtexit.o)
    0x08000246   0x08000246   0x00000000   Code   RO         3528    .ARM.Collect$$rtexit$$00000002  c_w.l(rtexit2.o)
    0x08000246   0x08000246   0x00000004   Code   RO         3529    .ARM.Collect$$rtexit$$00000003  c_w.l(rtexit2.o)
    0x0800024a   0x0800024a   0x00000006   Code   RO         3530    .ARM.Collect$$rtexit$$00000004  c_w.l(rtexit2.o)
    0x08000250   0x08000250   0x00000040   Code   RO            4    .text               startup_stm32f411xe.o
    0x08000290   0x08000290   0x000000ee   Code   RO         3314    .text               c_w.l(lludivv7m.o)
    0x0800037e   0x0800037e   0x00000002   PAD
    0x08000380   0x08000380   0x00000018   Code   RO         3318    .text               c_w.l(noretval__2printf.o)
    0x08000398   0x08000398   0x00000138   Code   RO         3334    .text               c_w.l(__printf_flags_wp.o)
    0x080004d0   0x080004d0   0x0000004e   Code   RO         3344    .text               c_w.l(rt_memclr_w.o)
    0x0800051e   0x0800051e   0x00000006   Code   RO         3346    .text               c_w.l(heapauxi.o)
    0x08000524   0x08000524   0x0000041e   Code   RO         3369    .text               c_w.l(_printf_fp_dec.o)
    0x08000942   0x08000942   0x00000002   PAD
    0x08000944   0x08000944   0x00000024   Code   RO         3371    .text               c_w.l(_printf_char_file.o)
    0x08000968   0x08000968   0x00000008   Code   RO         3403    .text               c_w.l(rt_locale_intlibspace.o)
    0x08000970   0x08000970   0x0000008a   Code   RO         3405    .text               c_w.l(lludiv10.o)
    0x080009fa   0x080009fa   0x00000002   PAD
    0x080009fc   0x080009fc   0x00000030   Code   RO         3407    .text               c_w.l(_printf_char_common.o)
    0x08000a2c   0x08000a2c   0x00000080   Code   RO         3409    .text               c_w.l(_printf_fp_infnan.o)
    0x08000aac   0x08000aac   0x000000e4   Code   RO         3411    .text               c_w.l(bigflt0.o)
    0x08000b90   0x08000b90   0x00000008   Code   RO         3436    .text               c_w.l(ferror.o)
    0x08000b98   0x08000b98   0x00000008   Code   RO         3447    .text               c_w.l(libspace.o)
    0x08000ba0   0x08000ba0   0x0000004a   Code   RO         3450    .text               c_w.l(sys_stackheap_outer.o)
    0x08000bea   0x08000bea   0x00000012   Code   RO         3454    .text               c_w.l(exit.o)
    0x08000bfc   0x08000bfc   0x00000080   Code   RO         3460    .text               c_w.l(strcmpv7m.o)
    0x08000c7c   0x08000c7c   0x0000000c   Code   RO         3525    .text               c_w.l(sys_exit.o)
    0x08000c88   0x08000c88   0x00000002   Code   RO         3546    .text               c_w.l(use_no_semi.o)
    0x08000c8a   0x08000c8a   0x00000000   Code   RO         3548    .text               c_w.l(indicate_semi.o)
    0x08000c8a   0x08000c8a   0x0000003e   Code   RO         3414    CL$$btod_d2e        c_w.l(btod.o)
    0x08000cc8   0x08000cc8   0x00000046   Code   RO         3416    CL$$btod_d2e_denorm_low  c_w.l(btod.o)
    0x08000d0e   0x08000d0e   0x00000060   Code   RO         3415    CL$$btod_d2e_norm_op1  c_w.l(btod.o)
    0x08000d6e   0x08000d6e   0x00000338   Code   RO         3424    CL$$btod_div_common  c_w.l(btod.o)
    0x080010a6   0x080010a6   0x000000dc   Code   RO         3421    CL$$btod_e2e        c_w.l(btod.o)
    0x08001182   0x08001182   0x0000002a   Code   RO         3418    CL$$btod_ediv       c_w.l(btod.o)
    0x080011ac   0x080011ac   0x0000002a   Code   RO         3417    CL$$btod_emul       c_w.l(btod.o)
    0x080011d6   0x080011d6   0x00000244   Code   RO         3423    CL$$btod_mult_common  c_w.l(btod.o)
    0x0800141a   0x0800141a   0x00000002   PAD
    0x0800141c   0x0800141c   0x00000128   Code   RO          388    i.ADC_Init          stm32f4xx_hal_adc.o
    0x08001544   0x08001544   0x00000002   Code   RO          213    i.BusFault_Handler  stm32f4xx_it.o
    0x08001546   0x08001546   0x00000002   Code   RO          214    i.DebugMon_Handler  stm32f4xx_it.o
    0x08001548   0x08001548   0x0000009c   Code   RO         3241    i.EXTI4_IRQHandler  dc_driver.o
    0x080015e4   0x080015e4   0x0000009c   Code   RO         3242    i.EXTI9_5_IRQHandler  dc_driver.o
    0x08001680   0x08001680   0x00000164   Code   RO          390    i.HAL_ADC_ConfigChannel  stm32f4xx_hal_adc.o
    0x080017e4   0x080017e4   0x00000006   Code   RO          397    i.HAL_ADC_GetValue  stm32f4xx_hal_adc.o
    0x080017ea   0x080017ea   0x00000054   Code   RO          399    i.HAL_ADC_Init      stm32f4xx_hal_adc.o
    0x0800183e   0x0800183e   0x00000002   PAD
    0x08001840   0x08001840   0x00000060   Code   RO          308    i.HAL_ADC_MspInit   stm32f4xx_hal_msp.o
    0x080018a0   0x080018a0   0x000000aa   Code   RO          403    i.HAL_ADC_PollForConversion  stm32f4xx_hal_adc.o
    0x0800194a   0x0800194a   0x00000002   PAD
    0x0800194c   0x0800194c   0x000000cc   Code   RO          405    i.HAL_ADC_Start     stm32f4xx_hal_adc.o
    0x08001a18   0x08001a18   0x0000003c   Code   RO          408    i.HAL_ADC_Stop      stm32f4xx_hal_adc.o
    0x08001a54   0x08001a54   0x00000092   Code   RO         1179    i.HAL_DMA_Abort     stm32f4xx_hal_dma.o
    0x08001ae6   0x08001ae6   0x00000024   Code   RO         1180    i.HAL_DMA_Abort_IT  stm32f4xx_hal_dma.o
    0x08001b0a   0x08001b0a   0x00000002   Code   RO         1070    i.HAL_GPIO_EXTI_Callback  stm32f4xx_hal_gpio.o
    0x08001b0c   0x08001b0c   0x00000018   Code   RO         1071    i.HAL_GPIO_EXTI_IRQHandler  stm32f4xx_hal_gpio.o
    0x08001b24   0x08001b24   0x000001e0   Code   RO         1072    i.HAL_GPIO_Init     stm32f4xx_hal_gpio.o
    0x08001d04   0x08001d04   0x0000000a   Code   RO         1074    i.HAL_GPIO_ReadPin  stm32f4xx_hal_gpio.o
    0x08001d0e   0x08001d0e   0x0000000a   Code   RO         1076    i.HAL_GPIO_WritePin  stm32f4xx_hal_gpio.o
    0x08001d18   0x08001d18   0x0000000c   Code   RO         1628    i.HAL_GetTick       stm32f4xx_hal.o
    0x08001d24   0x08001d24   0x00000010   Code   RO         1634    i.HAL_IncTick       stm32f4xx_hal.o
    0x08001d34   0x08001d34   0x00000034   Code   RO         1635    i.HAL_Init          stm32f4xx_hal.o
    0x08001d68   0x08001d68   0x00000040   Code   RO         1636    i.HAL_InitTick      stm32f4xx_hal.o
    0x08001da8   0x08001da8   0x00000030   Code   RO          309    i.HAL_MspInit       stm32f4xx_hal_msp.o
    0x08001dd8   0x08001dd8   0x0000001a   Code   RO         1485    i.HAL_NVIC_EnableIRQ  stm32f4xx_hal_cortex.o
    0x08001df2   0x08001df2   0x00000002   PAD
    0x08001df4   0x08001df4   0x00000040   Code   RO         1491    i.HAL_NVIC_SetPriority  stm32f4xx_hal_cortex.o
    0x08001e34   0x08001e34   0x00000024   Code   RO         1492    i.HAL_NVIC_SetPriorityGrouping  stm32f4xx_hal_cortex.o
    0x08001e58   0x08001e58   0x00000134   Code   RO          664    i.HAL_RCC_ClockConfig  stm32f4xx_hal_rcc.o
    0x08001f8c   0x08001f8c   0x00000020   Code   RO          671    i.HAL_RCC_GetPCLK1Freq  stm32f4xx_hal_rcc.o
    0x08001fac   0x08001fac   0x00000020   Code   RO          672    i.HAL_RCC_GetPCLK2Freq  stm32f4xx_hal_rcc.o
    0x08001fcc   0x08001fcc   0x00000064   Code   RO          673    i.HAL_RCC_GetSysClockFreq  stm32f4xx_hal_rcc.o
    0x08002030   0x08002030   0x0000036c   Code   RO          676    i.HAL_RCC_OscConfig  stm32f4xx_hal_rcc.o
    0x0800239c   0x0800239c   0x00000028   Code   RO         1496    i.HAL_SYSTICK_Config  stm32f4xx_hal_cortex.o
    0x080023c4   0x080023c4   0x00000002   Code   RO         2579    i.HAL_TIMEx_BreakCallback  stm32f4xx_hal_tim_ex.o
    0x080023c6   0x080023c6   0x00000002   Code   RO         2580    i.HAL_TIMEx_CommutCallback  stm32f4xx_hal_tim_ex.o
    0x080023c8   0x080023c8   0x0000007c   Code   RO         2598    i.HAL_TIMEx_MasterConfigSynchronization  stm32f4xx_hal_tim_ex.o
    0x08002444   0x08002444   0x0000005a   Code   RO         1875    i.HAL_TIM_Base_Init  stm32f4xx_hal_tim.o
    0x0800249e   0x0800249e   0x00000002   PAD
    0x080024a0   0x080024a0   0x00000060   Code   RO          311    i.HAL_TIM_Base_MspInit  stm32f4xx_hal_msp.o
    0x08002500   0x08002500   0x0000006c   Code   RO         1880    i.HAL_TIM_Base_Start_IT  stm32f4xx_hal_tim.o
    0x0800256c   0x0800256c   0x000000dc   Code   RO         1884    i.HAL_TIM_ConfigClockSource  stm32f4xx_hal_tim.o
    0x08002648   0x08002648   0x00000002   Code   RO         1909    i.HAL_TIM_IC_CaptureCallback  stm32f4xx_hal_tim.o
    0x0800264a   0x0800264a   0x00000166   Code   RO         1923    i.HAL_TIM_IRQHandler  stm32f4xx_hal_tim.o
    0x080027b0   0x080027b0   0x00000050   Code   RO          312    i.HAL_TIM_MspPostInit  stm32f4xx_hal_msp.o
    0x08002800   0x08002800   0x00000002   Code   RO         1926    i.HAL_TIM_OC_DelayElapsedCallback  stm32f4xx_hal_tim.o
    0x08002802   0x08002802   0x000000cc   Code   RO         1947    i.HAL_TIM_PWM_ConfigChannel  stm32f4xx_hal_tim.o
    0x080028ce   0x080028ce   0x0000005a   Code   RO         1950    i.HAL_TIM_PWM_Init  stm32f4xx_hal_tim.o
    0x08002928   0x08002928   0x00000028   Code   RO          314    i.HAL_TIM_PWM_MspInit  stm32f4xx_hal_msp.o
    0x08002950   0x08002950   0x00000002   Code   RO         1953    i.HAL_TIM_PWM_PulseFinishedCallback  stm32f4xx_hal_tim.o
    0x08002952   0x08002952   0x00000002   PAD
    0x08002954   0x08002954   0x000000b0   Code   RO         1955    i.HAL_TIM_PWM_Start  stm32f4xx_hal_tim.o
    0x08002a04   0x08002a04   0x0000007c   Code   RO           14    i.HAL_TIM_PeriodElapsedCallback  main.o
    0x08002a80   0x08002a80   0x00000002   Code   RO         1966    i.HAL_TIM_TriggerCallback  stm32f4xx_hal_tim.o
    0x08002a82   0x08002a82   0x00000002   Code   RO         2857    i.HAL_UARTEx_RxEventCallback  stm32f4xx_hal_uart.o
    0x08002a84   0x08002a84   0x00000002   Code   RO         2871    i.HAL_UART_ErrorCallback  stm32f4xx_hal_uart.o
    0x08002a86   0x08002a86   0x00000002   PAD
    0x08002a88   0x08002a88   0x00000268   Code   RO         2874    i.HAL_UART_IRQHandler  stm32f4xx_hal_uart.o
    0x08002cf0   0x08002cf0   0x00000062   Code   RO         2875    i.HAL_UART_Init     stm32f4xx_hal_uart.o
    0x08002d52   0x08002d52   0x00000002   PAD
    0x08002d54   0x08002d54   0x000000bc   Code   RO          316    i.HAL_UART_MspInit  stm32f4xx_hal_msp.o
    0x08002e10   0x08002e10   0x00000002   Code   RO         2881    i.HAL_UART_RxCpltCallback  stm32f4xx_hal_uart.o
    0x08002e12   0x08002e12   0x00000002   PAD
    0x08002e14   0x08002e14   0x000000b2   Code   RO         2883    i.HAL_UART_Transmit  stm32f4xx_hal_uart.o
    0x08002ec6   0x08002ec6   0x00000002   Code   RO         2886    i.HAL_UART_TxCpltCallback  stm32f4xx_hal_uart.o
    0x08002ec8   0x08002ec8   0x00000002   Code   RO          215    i.HardFault_Handler  stm32f4xx_it.o
    0x08002eca   0x08002eca   0x00000002   PAD
    0x08002ecc   0x08002ecc   0x00000060   Code   RO           15    i.MX_ADC1_Init      main.o
    0x08002f2c   0x08002f2c   0x000000b4   Code   RO           16    i.MX_GPIO_Init      main.o
    0x08002fe0   0x08002fe0   0x00000064   Code   RO           17    i.MX_TIM2_Init      main.o
    0x08003044   0x08003044   0x00000070   Code   RO           18    i.MX_TIM3_Init      main.o
    0x080030b4   0x080030b4   0x00000068   Code   RO           19    i.MX_TIM4_Init      main.o
    0x0800311c   0x0800311c   0x00000002   Code   RO          216    i.MemManage_Handler  stm32f4xx_it.o
    0x0800311e   0x0800311e   0x00000002   Code   RO          217    i.NMI_Handler       stm32f4xx_it.o
    0x08003120   0x08003120   0x00000002   Code   RO          218    i.PendSV_Handler    stm32f4xx_it.o
    0x08003122   0x08003122   0x00000002   Code   RO          219    i.SVC_Handler       stm32f4xx_it.o
    0x08003124   0x08003124   0x00000004   Code   RO          220    i.SysTick_Handler   stm32f4xx_it.o
    0x08003128   0x08003128   0x00000094   Code   RO           20    i.SystemClock_Config  main.o
    0x080031bc   0x080031bc   0x00000010   Code   RO         3204    i.SystemInit        system_stm32f4xx.o
    0x080031cc   0x080031cc   0x0000000c   Code   RO          221    i.TIM2_IRQHandler   stm32f4xx_it.o
    0x080031d8   0x080031d8   0x0000000c   Code   RO          222    i.TIM4_IRQHandler   stm32f4xx_it.o
    0x080031e4   0x080031e4   0x00000098   Code   RO         1968    i.TIM_Base_SetConfig  stm32f4xx_hal_tim.o
    0x0800327c   0x0800327c   0x0000001a   Code   RO         1969    i.TIM_CCxChannelCmd  stm32f4xx_hal_tim.o
    0x08003296   0x08003296   0x00000014   Code   RO         1979    i.TIM_ETR_SetConfig  stm32f4xx_hal_tim.o
    0x080032aa   0x080032aa   0x00000010   Code   RO         1980    i.TIM_ITRx_SetConfig  stm32f4xx_hal_tim.o
    0x080032ba   0x080032ba   0x00000002   PAD
    0x080032bc   0x080032bc   0x00000050   Code   RO         1981    i.TIM_OC1_SetConfig  stm32f4xx_hal_tim.o
    0x0800330c   0x0800330c   0x00000058   Code   RO         1982    i.TIM_OC2_SetConfig  stm32f4xx_hal_tim.o
    0x08003364   0x08003364   0x00000058   Code   RO         1983    i.TIM_OC3_SetConfig  stm32f4xx_hal_tim.o
    0x080033bc   0x080033bc   0x00000044   Code   RO         1984    i.TIM_OC4_SetConfig  stm32f4xx_hal_tim.o
    0x08003400   0x08003400   0x00000022   Code   RO         1986    i.TIM_TI1_ConfigInputStage  stm32f4xx_hal_tim.o
    0x08003422   0x08003422   0x00000024   Code   RO         1988    i.TIM_TI2_ConfigInputStage  stm32f4xx_hal_tim.o
    0x08003446   0x08003446   0x00000010   Code   RO         2888    i.UART_DMAAbortOnError  stm32f4xx_hal_uart.o
    0x08003456   0x08003456   0x0000004e   Code   RO         2898    i.UART_EndRxTransfer  stm32f4xx_hal_uart.o
    0x080034a4   0x080034a4   0x000000c0   Code   RO         2900    i.UART_Receive_IT   stm32f4xx_hal_uart.o
    0x08003564   0x08003564   0x0000010c   Code   RO         2901    i.UART_SetConfig    stm32f4xx_hal_uart.o
    0x08003670   0x08003670   0x00000078   Code   RO         2904    i.UART_WaitOnFlagUntilTimeout  stm32f4xx_hal_uart.o
    0x080036e8   0x080036e8   0x0000000c   Code   RO          223    i.USART6_IRQHandler  stm32f4xx_it.o
    0x080036f4   0x080036f4   0x00000002   Code   RO          224    i.UsageFault_Handler  stm32f4xx_it.o
    0x080036f6   0x080036f6   0x00000030   Code   RO         3445    i.__ARM_fpclassify  m_wm.l(fpclassify.o)
    0x08003726   0x08003726   0x00000020   Code   RO         1498    i.__NVIC_SetPriority  stm32f4xx_hal_cortex.o
    0x08003746   0x08003746   0x0000000e   Code   RO         3332    i._is_digit         c_w.l(__printf_wp.o)
    0x08003754   0x08003754   0x00000100   Code   RO         3243    i.caculate_pid_of_velocity  dc_driver.o
    0x08003854   0x08003854   0x0000002c   Code   RO         3244    i.caculate_position  dc_driver.o
    0x08003880   0x08003880   0x0000002c   Code   RO         3245    i.caculate_speed    dc_driver.o
    0x080038ac   0x080038ac   0x00000070   Code   RO         3246    i.control_motor_follow_vel_and_pos  dc_driver.o
    0x0800391c   0x0800391c   0x00000018   Code   RO           21    i.fputc             main.o
    0x08003934   0x08003934   0x00000108   Code   RO           22    i.main              main.o
    0x08003a3c   0x08003a3c   0x00000036   Code   RO         3247    i.pid_init          dc_driver.o
    0x08003a72   0x08003a72   0x00000002   PAD
    0x08003a74   0x08003a74   0x0000002c   Code   RO         3441    locale$$code        c_w.l(lc_numeric_c.o)
    0x08003aa0   0x08003aa0   0x00000062   Code   RO         3350    x$fpl$d2f           fz_wm.l(d2f.o)
    0x08003b02   0x08003b02   0x0000002e   Code   RO         3353    x$fpl$dflt          fz_wm.l(dflt_clz.o)
    0x08003b30   0x08003b30   0x00000154   Code   RO         3358    x$fpl$dmul          fz_wm.l(dmul.o)
    0x08003c84   0x08003c84   0x0000009c   Code   RO         3374    x$fpl$dnaninf       fz_wm.l(dnaninf.o)
    0x08003d20   0x08003d20   0x0000000c   Code   RO         3376    x$fpl$dretinf       fz_wm.l(dretinf.o)
    0x08003d2c   0x08003d2c   0x00000056   Code   RO         3360    x$fpl$f2d           fz_wm.l(f2d.o)
    0x08003d82   0x08003d82   0x0000008c   Code   RO         3378    x$fpl$fnaninf       fz_wm.l(fnaninf.o)
    0x08003e0e   0x08003e0e   0x0000000a   Code   RO         3523    x$fpl$fpinit        fz_wm.l(fpinit.o)
    0x08003e18   0x08003e18   0x0000000a   Code   RO         3380    x$fpl$fretinf       fz_wm.l(fretinf.o)
    0x08003e22   0x08003e22   0x00000004   Code   RO         3362    x$fpl$printf1       fz_wm.l(printf1.o)
    0x08003e26   0x08003e26   0x00000000   Code   RO         3382    x$fpl$usenofp       fz_wm.l(usenofp.o)
    0x08003e26   0x08003e26   0x00000010   Data   RO         3205    .constdata          system_stm32f4xx.o
    0x08003e36   0x08003e36   0x00000008   Data   RO         3206    .constdata          system_stm32f4xx.o
    0x08003e3e   0x08003e3e   0x00000011   Data   RO         3335    .constdata          c_w.l(__printf_flags_wp.o)
    0x08003e4f   0x08003e4f   0x00000001   PAD
    0x08003e50   0x08003e50   0x00000094   Data   RO         3412    .constdata          c_w.l(bigflt0.o)
    0x08003ee4   0x08003ee4   0x00000020   Data   RO         3592    Region$$Table       anon$$obj.o
    0x08003f04   0x08003f04   0x0000001c   Data   RO         3440    locale$$data        c_w.l(lc_numeric_c.o)


    Execution Region RW_IRAM1 (Exec base: 0x20000000, Load base: 0x08003f20, Size: 0x000008a0, Max: 0x00020000, ABSOLUTE)

    Exec Addr    Load Addr    Size         Type   Attr      Idx    E Section Name        Object

    0x20000000   0x08003f20   0x00000008   Data   RW           24    .data               main.o
    0x20000008   0x08003f28   0x00000004   Data   RW           25    .data               main.o
    0x2000000c   0x08003f2c   0x0000000c   Data   RW         1642    .data               stm32f4xx_hal.o
    0x20000018   0x08003f38   0x00000004   Data   RW         3207    .data               system_stm32f4xx.o
    0x2000001c   0x08003f3c   0x00000014   Data   RW         3248    .data               dc_driver.o
    0x20000030        -       0x0000020c   Zero   RW           23    .bss                main.o
    0x2000023c        -       0x00000060   Zero   RW         3448    .bss                c_w.l(libspace.o)
    0x2000029c   0x08003f50   0x00000004   PAD
    0x200002a0        -       0x00000200   Zero   RW            2    HEAP                startup_stm32f411xe.o
    0x200004a0        -       0x00000400   Zero   RW            1    STACK               startup_stm32f411xe.o


==============================================================================

Image component sizes


      Code (inc. data)   RO Data    RW Data    ZI Data      Debug   Object Name

       822         64          0         20          0       7452   dc_driver.o
      1152        138          0         12        524     443205   main.o
        64         26        408          0       1536        844   startup_stm32f411xe.o
       144         24          0         12          0       8633   stm32f4xx_hal.o
      1176         50          0          0          0       5901   stm32f4xx_hal_adc.o
       198         14          0          0          0      33947   stm32f4xx_hal_cortex.o
       182          0          0          0          0       2099   stm32f4xx_hal_dma.o
       526         40          0          0          0       4003   stm32f4xx_hal_gpio.o
       548         72          0          0          0       4414   stm32f4xx_hal_msp.o
      1348         76          0          0          0       5240   stm32f4xx_hal_rcc.o
      1862         90          0          0          0      16140   stm32f4xx_hal_tim.o
       128         20          0          0          0       2453   stm32f4xx_hal_tim_ex.o
      1574         16          0          0          0      10500   stm32f4xx_hal_uart.o
        56         18          0          0          0       5558   stm32f4xx_it.o
        16          4         24          4          0       1127   system_stm32f4xx.o

    ----------------------------------------------------------------------
      9818        652        464         48       2060     551516   Object Totals
         0          0         32          0          0          0   (incl. Generated)
        22          0          0          0          0          0   (incl. Padding)

    ----------------------------------------------------------------------

      Code (inc. data)   RO Data    RW Data    ZI Data      Debug   Library Member Name

         8          0          0          0          0         68   __main.o
       312          4         17          0          0         92   __printf_flags_wp.o
        14          0          0          0          0         68   __printf_wp.o
         0          0          0          0          0          0   __rtentry.o
        12          0          0          0          0          0   __rtentry2.o
         6          0          0          0          0          0   __rtentry4.o
        52          8          0          0          0          0   __scatter.o
        26          0          0          0          0          0   __scatter_copy.o
        28          0          0          0          0          0   __scatter_zi.o
        48          6          0          0          0         96   _printf_char_common.o
        36          4          0          0          0         80   _printf_char_file.o
         6          0          0          0          0          0   _printf_f.o
      1054          0          0          0          0        216   _printf_fp_dec.o
       128         16          0          0          0         84   _printf_fp_infnan.o
         0          0          0          0          0          0   _printf_percent.o
         4          0          0          0          0          0   _printf_percent_end.o
       228          4        148          0          0         96   bigflt0.o
      1936        128          0          0          0        672   btod.o
        18          0          0          0          0         80   exit.o
         8          0          0          0          0         68   ferror.o
         6          0          0          0          0        152   heapauxi.o
         0          0          0          0          0          0   indicate_semi.o
        44         10         28          0          0         76   lc_numeric_c.o
         2          0          0          0          0          0   libinit.o
        22          0          0          0          0          0   libinit2.o
         2          0          0          0          0          0   libshutdown.o
         2          0          0          0          0          0   libshutdown2.o
         8          4          0          0         96         68   libspace.o
       138          0          0          0          0         80   lludiv10.o
       238          0          0          0          0        100   lludivv7m.o
        24          4          0          0          0         84   noretval__2printf.o
         8          4          0          0          0         68   rt_locale_intlibspace.o
        78          0          0          0          0         80   rt_memclr_w.o
         2          0          0          0          0          0   rtexit.o
        10          0          0          0          0          0   rtexit2.o
       128          0          0          0          0         68   strcmpv7m.o
        12          4          0          0          0         68   sys_exit.o
        74          0          0          0          0         80   sys_stackheap_outer.o
         2          0          0          0          0         68   use_no_semi.o
        98          4          0          0          0        140   d2f.o
        46          0          0          0          0        116   dflt_clz.o
       340         12          0          0          0        152   dmul.o
       156          4          0          0          0        140   dnaninf.o
        12          0          0          0          0        116   dretinf.o
        86          4          0          0          0        132   f2d.o
       140          4          0          0          0        132   fnaninf.o
        10          0          0          0          0        116   fpinit.o
        10          0          0          0          0        116   fretinf.o
         4          0          0          0          0        116   printf1.o
         0          0          0          0          0          0   usenofp.o
        48          0          0          0          0        124   fpclassify.o

    ----------------------------------------------------------------------
      5684        224        194          0        100       4012   Library Totals
        10          0          1          0          4          0   (incl. Padding)

    ----------------------------------------------------------------------

      Code (inc. data)   RO Data    RW Data    ZI Data      Debug   Library Name

      4724        196        193          0         96       2612   c_w.l
       902         28          0          0          0       1276   fz_wm.l
        48          0          0          0          0        124   m_wm.l

    ----------------------------------------------------------------------
      5684        224        194          0        100       4012   Library Totals

    ----------------------------------------------------------------------

==============================================================================


      Code (inc. data)   RO Data    RW Data    ZI Data      Debug   

     15502        876        658         48       2160     544324   Grand Totals
     15502        876        658         48       2160     544324   ELF Image Totals
     15502        876        658         48          0          0   ROM Totals

==============================================================================

    Total RO  Size (Code + RO Data)                16160 (  15.78kB)
    Total RW  Size (RW Data + ZI Data)              2208 (   2.16kB)
    Total ROM Size (Code + RO Data + RW Data)      16208 (  15.83kB)

==============================================================================

